Archive member included because of file (symbol)

C:\Users\±è°æ¹Î\Desktop\IFX_S2GL-HW-SW_V1.1.3\Firmware_Software\DAVE project\S2GL_Doppler\Libraries\S2GL_Lib\bin\libS2GL_Lib.a(s2gl_library.o)
                              ./main.o (radarsense2gol_init)
C:\Users\±è°æ¹Î\Desktop\IFX_S2GL-HW-SW_V1.1.3\Firmware_Software\DAVE project\S2GL_Doppler\Libraries\S2GL_Lib\bin\libS2GL_Lib.a(s2gl_calc.o)
                              C:\Users\±è°æ¹Î\Desktop\IFX_S2GL-HW-SW_V1.1.3\Firmware_Software\DAVE project\S2GL_Doppler\Libraries\S2GL_Lib\bin\libS2GL_Lib.a(s2gl_library.o) (lradarsense2gol_remove_mean)
c:/infineon/tools/dave ide/4.5.0.202105191637/eclipse/arm-gcc-49/bin/../lib/gcc/arm-none-eabi/4.9.3/armv6-m\libgcc.a(_arm_cmpsf2.o)
                              ./main.o (__aeabi_fcmplt)
c:/infineon/tools/dave ide/4.5.0.202105191637/eclipse/arm-gcc-49/bin/../lib/gcc/arm-none-eabi/4.9.3/armv6-m\libgcc.a(_aeabi_uldivmod.o)
                              ./Dave/Generated/TIMER/timer.o (__aeabi_uldivmod)
c:/infineon/tools/dave ide/4.5.0.202105191637/eclipse/arm-gcc-49/bin/../lib/gcc/arm-none-eabi/4.9.3/armv6-m\libgcc.a(_muldi3.o)
                              ./Dave/Generated/TIMER/timer.o (__aeabi_lmul)
c:/infineon/tools/dave ide/4.5.0.202105191637/eclipse/arm-gcc-49/bin/../lib/gcc/arm-none-eabi/4.9.3/armv6-m\libgcc.a(bpabi.o)
                              c:/infineon/tools/dave ide/4.5.0.202105191637/eclipse/arm-gcc-49/bin/../lib/gcc/arm-none-eabi/4.9.3/armv6-m\libgcc.a(_aeabi_uldivmod.o) (__gnu_uldivmod_helper)
c:/infineon/tools/dave ide/4.5.0.202105191637/eclipse/arm-gcc-49/bin/../lib/gcc/arm-none-eabi/4.9.3/armv6-m\libgcc.a(divsf3.o)
                              ./main.o (__aeabi_fdiv)
c:/infineon/tools/dave ide/4.5.0.202105191637/eclipse/arm-gcc-49/bin/../lib/gcc/arm-none-eabi/4.9.3/armv6-m\libgcc.a(eqsf2.o)
                              c:/infineon/tools/dave ide/4.5.0.202105191637/eclipse/arm-gcc-49/bin/../lib/gcc/arm-none-eabi/4.9.3/armv6-m\libgcc.a(_arm_cmpsf2.o) (__eqsf2)
c:/infineon/tools/dave ide/4.5.0.202105191637/eclipse/arm-gcc-49/bin/../lib/gcc/arm-none-eabi/4.9.3/armv6-m\libgcc.a(gesf2.o)
                              c:/infineon/tools/dave ide/4.5.0.202105191637/eclipse/arm-gcc-49/bin/../lib/gcc/arm-none-eabi/4.9.3/armv6-m\libgcc.a(_arm_cmpsf2.o) (__gesf2)
c:/infineon/tools/dave ide/4.5.0.202105191637/eclipse/arm-gcc-49/bin/../lib/gcc/arm-none-eabi/4.9.3/armv6-m\libgcc.a(lesf2.o)
                              c:/infineon/tools/dave ide/4.5.0.202105191637/eclipse/arm-gcc-49/bin/../lib/gcc/arm-none-eabi/4.9.3/armv6-m\libgcc.a(_arm_cmpsf2.o) (__lesf2)
c:/infineon/tools/dave ide/4.5.0.202105191637/eclipse/arm-gcc-49/bin/../lib/gcc/arm-none-eabi/4.9.3/armv6-m\libgcc.a(mulsf3.o)
                              ./main.o (__aeabi_fmul)
c:/infineon/tools/dave ide/4.5.0.202105191637/eclipse/arm-gcc-49/bin/../lib/gcc/arm-none-eabi/4.9.3/armv6-m\libgcc.a(floatunsisf.o)
                              ./main.o (__aeabi_ui2f)
c:/infineon/tools/dave ide/4.5.0.202105191637/eclipse/arm-gcc-49/bin/../lib/gcc/arm-none-eabi/4.9.3/armv6-m\libgcc.a(extendsfdf2.o)
                              ./HostCommunication/src/HostCommUART.o (__aeabi_f2d)
c:/infineon/tools/dave ide/4.5.0.202105191637/eclipse/arm-gcc-49/bin/../lib/gcc/arm-none-eabi/4.9.3/armv6-m\libgcc.a(_dvmd_tls.o)
                              c:/infineon/tools/dave ide/4.5.0.202105191637/eclipse/arm-gcc-49/bin/../lib/gcc/arm-none-eabi/4.9.3/armv6-m\libgcc.a(_aeabi_uldivmod.o) (__aeabi_ldiv0)
c:/infineon/tools/dave ide/4.5.0.202105191637/eclipse/arm-gcc-49/bin/../lib/gcc/arm-none-eabi/4.9.3/armv6-m\libgcc.a(_clzsi2.o)
                              c:/infineon/tools/dave ide/4.5.0.202105191637/eclipse/arm-gcc-49/bin/../lib/gcc/arm-none-eabi/4.9.3/armv6-m\libgcc.a(divsf3.o) (__clzsi2)
c:/infineon/tools/dave ide/4.5.0.202105191637/eclipse/arm-gcc-49/bin/../lib/gcc/arm-none-eabi/4.9.3/armv6-m\libgcc.a(_divdi3.o)
                              c:/infineon/tools/dave ide/4.5.0.202105191637/eclipse/arm-gcc-49/bin/../lib/gcc/arm-none-eabi/4.9.3/armv6-m\libgcc.a(bpabi.o) (__divdi3)
c:/infineon/tools/dave ide/4.5.0.202105191637/eclipse/arm-gcc-49/bin/../lib/gcc/arm-none-eabi/4.9.3/armv6-m\libgcc.a(_udivdi3.o)
                              c:/infineon/tools/dave ide/4.5.0.202105191637/eclipse/arm-gcc-49/bin/../lib/gcc/arm-none-eabi/4.9.3/armv6-m\libgcc.a(bpabi.o) (__udivdi3)
c:/infineon/tools/dave ide/4.5.0.202105191637/eclipse/arm-gcc-49/bin/../lib/gcc/arm-none-eabi/4.9.3/armv6-m\libgcc.a(_clzdi2.o)
                              c:/infineon/tools/dave ide/4.5.0.202105191637/eclipse/arm-gcc-49/bin/../lib/gcc/arm-none-eabi/4.9.3/armv6-m\libgcc.a(_divdi3.o) (__clzdi2)
c:/infineon/tools/dave ide/4.5.0.202105191637/eclipse/arm-gcc-49/bin/../lib/gcc/arm-none-eabi/4.9.3/../../../../arm-none-eabi/lib/armv6-m\libg_nano.a(lib_a-errno.o)
                              ./Libraries/Newlib/syscalls.o (__errno)
[...]
Memory Configuration

Name             Origin             Length             Attributes
FLASH            0x10001000         0x00004000         xr
SRAM             0x20000000         0x00004000         !xr
*default*        0x00000000         0xffffffff

Linker script and memory map

LOAD ./Startup/startup_XMC1300.o
LOAD ./Startup/system_XMC1300.o
LOAD ./Libraries/XMCLib/src/xmc1_eru.o
LOAD ./Libraries/XMCLib/src/xmc1_flash.o
LOAD ./Libraries/XMCLib/src/xmc1_gpio.o
LOAD ./Libraries/XMCLib/src/xmc1_rtc.o
LOAD ./Libraries/XMCLib/src/xmc1_scu.o
LOAD ./Libraries/XMCLib/src/xmc_acmp.o
LOAD ./Libraries/XMCLib/src/xmc_bccu.o
LOAD ./Libraries/XMCLib/src/xmc_can.o
LOAD ./Libraries/XMCLib/src/xmc_ccu4.o
LOAD ./Libraries/XMCLib/src/xmc_ccu8.o
LOAD ./Libraries/XMCLib/src/xmc_common.o
LOAD ./Libraries/XMCLib/src/xmc_eru.o
LOAD ./Libraries/XMCLib/src/xmc_gpio.o
LOAD ./Libraries/XMCLib/src/xmc_i2c.o
LOAD ./Libraries/XMCLib/src/xmc_i2s.o
LOAD ./Libraries/XMCLib/src/xmc_ledts.o
LOAD ./Libraries/XMCLib/src/xmc_math.o
LOAD ./Libraries/XMCLib/src/xmc_pau.o
LOAD ./Libraries/XMCLib/src/xmc_posif.o
LOAD ./Libraries/XMCLib/src/xmc_prng.o
LOAD ./Libraries/XMCLib/src/xmc_rtc.o
LOAD ./Libraries/XMCLib/src/xmc_spi.o
LOAD ./Libraries/XMCLib/src/xmc_uart.o
LOAD ./Libraries/XMCLib/src/xmc_usic.o
LOAD ./Libraries/XMCLib/src/xmc_vadc.o
LOAD ./Libraries/XMCLib/src/xmc_wdt.o
LOAD ./Libraries/Newlib/syscalls.o
LOAD ./HostCommunication/src/HostCommUART.o
LOAD ./Dave/Generated/UART/uart.o
LOAD ./Dave/Generated/UART/uart_conf.o
LOAD ./Dave/Generated/TIMER/timer.o
LOAD ./Dave/Generated/TIMER/timer_conf.o
LOAD ./Dave/Generated/RTC/rtc.o
LOAD ./Dave/Generated/RTC/rtc_conf.o
LOAD ./Dave/Generated/INTERRUPT/interrupt.o
LOAD ./Dave/Generated/INTERRUPT/interrupt_conf.o
LOAD ./Dave/Generated/GLOBAL_SCU_XMC1/global_scu_xmc1.o
LOAD ./Dave/Generated/GLOBAL_SCU_XMC1/global_scu_xmc1_conf.o
LOAD ./Dave/Generated/GLOBAL_CCU4/global_ccu4.o
LOAD ./Dave/Generated/GLOBAL_CCU4/global_ccu4_conf.o
LOAD ./Dave/Generated/GLOBAL_ADC/global_adc.o
LOAD ./Dave/Generated/GLOBAL_ADC/global_adc_conf.o
LOAD ./Dave/Generated/DIGITAL_IO/digital_io.o
LOAD ./Dave/Generated/DIGITAL_IO/digital_io_conf.o
LOAD ./Dave/Generated/CPU_CTRL_XMC1/cpu_ctrl_xmc1.o
LOAD ./Dave/Generated/CPU_CTRL_XMC1/cpu_ctrl_xmc1_conf.o
LOAD ./Dave/Generated/CLOCK_XMC1/clock_xmc1.o
LOAD ./Dave/Generated/CLOCK_XMC1/clock_xmc1_conf.o
LOAD ./Dave/Generated/ADC_MEASUREMENT/adc_measurement.o
LOAD ./Dave/Generated/ADC_MEASUREMENT/adc_measurement_conf.o
LOAD ./Dave/Generated/DAVE.o
LOAD ./main.o
LOAD c:/infineon/tools/dave ide/4.5.0.202105191637/eclipse/arm-gcc-49/bin/../lib/gcc/arm-none-eabi/4.9.3/../../../../arm-none-eabi/lib/armv6-m\libm.a
LOAD C:\Users\±è°æ¹Î\Desktop\IFX_S2GL-HW-SW_V1.1.3\Firmware_Software\DAVE project\S2GL_Doppler\Libraries\S2GL_Lib\bin\libS2GL_Lib.a
START GROUP
LOAD c:/infineon/tools/dave ide/4.5.0.202105191637/eclipse/arm-gcc-49/bin/../lib/gcc/arm-none-eabi/4.9.3/armv6-m\libgcc.a
LOAD c:/infineon/tools/dave ide/4.5.0.202105191637/eclipse/arm-gcc-49/bin/../lib/gcc/arm-none-eabi/4.9.3/../../../../arm-none-eabi/lib/armv6-m\libg_nano.a
LOAD c:/infineon/tools/dave ide/4.5.0.202105191637/eclipse/arm-gcc-49/bin/../lib/gcc/arm-none-eabi/4.9.3/../../../../arm-none-eabi/lib/armv6-m\libc_nano.a
END GROUP
START GROUP
LOAD c:/infineon/tools/dave ide/4.5.0.202105191637/eclipse/arm-gcc-49/bin/../lib/gcc/arm-none-eabi/4.9.3/armv6-m\libgcc.a
LOAD c:/infineon/tools/dave ide/4.5.0.202105191637/eclipse/arm-gcc-49/bin/../lib/gcc/arm-none-eabi/4.9.3/../../../../arm-none-eabi/lib/armv6-m\libc_nano.a
LOAD c:/infineon/tools/dave ide/4.5.0.202105191637/eclipse/arm-gcc-49/bin/../lib/gcc/arm-none-eabi/4.9.3/../../../../arm-none-eabi/lib/armv6-m\libnosys.a
END GROUP
START GROUP
LOAD c:/infineon/tools/dave ide/4.5.0.202105191637/eclipse/arm-gcc-49/bin/../lib/gcc/arm-none-eabi/4.9.3/armv6-m\libgcc.a
LOAD c:/infineon/tools/dave ide/4.5.0.202105191637/eclipse/arm-gcc-49/bin/../lib/gcc/arm-none-eabi/4.9.3/../../../../arm-none-eabi/lib/armv6-m\libc_nano.a
LOAD c:/infineon/tools/dave ide/4.5.0.202105191637/eclipse/arm-gcc-49/bin/../lib/gcc/arm-none-eabi/4.9.3/../../../../arm-none-eabi/lib/armv6-m\libnosys.a
END GROUP
                0x00000400                stack_size = DEFINED (stack_size)?stack_size:0x400
                0x00000004                no_init_size = 0x4

.text           0x10001000     0x367d
                0x10001000                sText = .
 *(.reset)
 .reset         0x10001000       0x9c ./Startup/startup_XMC1300.o
                0x10001000                __Vectors
                0x10001018                Reset_Handler
                0x10001098                POSIF0_0_IRQHandler
                0x10001098                HardFault_Handler
                0x10001098                VADC0_G1_1_IRQHandler
                0x10001098                SysTick_Handler
                0x10001098                PendSV_Handler
                0x10001098                USIC0_5_IRQHandler
                0x10001098                CCU80_1_IRQHandler
                0x10001098                USIC0_0_IRQHandler
                0x10001098                ERU0_2_IRQHandler
                0x10001098                BCCU0_0_IRQHandler
                0x10001098                ERU0_3_IRQHandler
                0x10001098                ERU0_0_IRQHandler
                0x10001098                VADC0_G0_1_IRQHandler
                0x10001098                CCU40_0_IRQHandler
                0x10001098                POSIF0_1_IRQHandler
                0x10001098                VADC0_G0_0_IRQHandler
                0x10001098                MATH0_0_IRQHandler
                0x10001098                VADC0_C0_1_IRQHandler
                0x10001098                SVC_Handler
                0x10001098                USIC0_3_IRQHandler
                0x10001098                VADC0_G1_0_IRQHandler
                0x10001098                CCU80_0_IRQHandler
                0x10001098                CCU40_1_IRQHandler
                0x10001098                CCU40_3_IRQHandler
                0x10001098                USIC0_4_IRQHandler
                0x10001098                ERU0_1_IRQHandler
                0x10001098                Default_handler
 *(.text .text.* .gnu.linkonce.t.*)
 .text.SystemCoreClockUpdate
                0x1000109c       0x50 ./Startup/system_XMC1300.o
                0x1000109c                SystemCoreClockUpdate
 .text.SystemInit
                0x100010ec        0xc ./Startup/system_XMC1300.o
                0x100010ec                SystemInit
 .text.XMC_GPIO_Init
                0x100010f8       0x7c ./Libraries/XMCLib/src/xmc1_gpio.o
                0x100010f8                XMC_GPIO_Init
 .text.XMC_RTC_Init
                0x10001174       0x60 ./Libraries/XMCLib/src/xmc1_rtc.o
                0x10001174                XMC_RTC_Init
 .text.XMC_RTC_EnableEvent
                0x100011d4       0x10 ./Libraries/XMCLib/src/xmc1_rtc.o
                0x100011d4                XMC_RTC_EnableEvent
 .text.XMC_SCU_CLOCK_GatePeripheralClock
                0x100011e4       0x28 ./Libraries/XMCLib/src/xmc1_scu.o
                0x100011e4                XMC_SCU_CLOCK_GatePeripheralClock
 .text.XMC_SCU_CLOCK_UngatePeripheralClock
                0x1000120c       0x30 ./Libraries/XMCLib/src/xmc1_scu.o
                0x1000120c                XMC_SCU_CLOCK_UngatePeripheralClock
 .text.XMC_SCU_CLOCK_IsPeripheralClockGated
                0x1000123c       0x14 ./Libraries/XMCLib/src/xmc1_scu.o
                0x1000123c                XMC_SCU_CLOCK_IsPeripheralClockGated
 .text.XMC_SCU_CLOCK_ScaleMCLKFrequency
                0x10001250       0xd0 ./Libraries/XMCLib/src/xmc1_scu.o
                0x10001250                XMC_SCU_CLOCK_ScaleMCLKFrequency
 .text.XMC_SCU_CLOCK_Init
                0x10001320       0x40 ./Libraries/XMCLib/src/xmc1_scu.o
                0x10001320                XMC_SCU_CLOCK_Init
 .text.XMC_SCU_CLOCK_GetPeripheralClockFrequency
                0x10001360        0xc ./Libraries/XMCLib/src/xmc1_scu.o
                0x10001360                XMC_SCU_CLOCK_GetPeripheralClockFrequency
 .text.XMC_SCU_INTERRUPT_SetEventHandler
                0x1000136c       0x38 ./Libraries/XMCLib/src/xmc1_scu.o
                0x1000136c                XMC_SCU_INTERRUPT_SetEventHandler
 .text.XMC_SCU_IRQHandler
                0x100013a4       0x50 ./Libraries/XMCLib/src/xmc1_scu.o
                0x100013a4                XMC_SCU_IRQHandler
 .text.XMC_CCU4_Init
                0x100013f4       0x34 ./Libraries/XMCLib/src/xmc_ccu4.o
                0x100013f4                XMC_CCU4_Init
 .text.XMC_CCU4_SLICE_CompareInit
                0x10001428       0x30 ./Libraries/XMCLib/src/xmc_ccu4.o
                0x10001428                XMC_CCU4_SLICE_CompareInit
 .text.XMC_CCU4_SLICE_SetPrescaler
                0x10001458       0x14 ./Libraries/XMCLib/src/xmc_ccu4.o
                0x10001458                XMC_CCU4_SLICE_SetPrescaler
 .text.XMC_CCU4_SLICE_SetInterruptNode
                0x1000146c       0x34 ./Libraries/XMCLib/src/xmc_ccu4.o
                0x1000146c                XMC_CCU4_SLICE_SetInterruptNode
 .text.XMC_GPIO_SetHardwareControl
                0x100014a0       0x1c ./Libraries/XMCLib/src/xmc_gpio.o
                0x100014a0                XMC_GPIO_SetHardwareControl
 .text.__aeabi_uidiv
                0x100014bc       0x14 ./Libraries/XMCLib/src/xmc_math.o
                0x100014bc                __aeabi_uidiv
 .text.__aeabi_idiv
                0x100014d0       0x14 ./Libraries/XMCLib/src/xmc_math.o
                0x100014d0                __aeabi_idiv
 .text.__aeabi_uidivmod
                0x100014e4       0x14 ./Libraries/XMCLib/src/xmc_math.o
                0x100014e4                __aeabi_uidivmod
 .text.XMC_RTC_Start
                0x100014f8       0x20 ./Libraries/XMCLib/src/xmc_rtc.o
                0x100014f8                XMC_RTC_Start
 .text.XMC_RTC_Stop
                0x10001518       0x20 ./Libraries/XMCLib/src/xmc_rtc.o
                0x10001518                XMC_RTC_Stop
 .text.XMC_RTC_SetPrescaler
                0x10001538       0x24 ./Libraries/XMCLib/src/xmc_rtc.o
                0x10001538                XMC_RTC_SetPrescaler
 .text.XMC_UART_CH_Init
                0x1000155c       0x74 ./Libraries/XMCLib/src/xmc_uart.o
                0x1000155c                XMC_UART_CH_Init
 .text.XMC_UART_CH_Transmit
                0x100015d0       0x30 ./Libraries/XMCLib/src/xmc_uart.o
                0x100015d0                XMC_UART_CH_Transmit
 .text.XMC_UART_CH_GetReceivedData
                0x10001600       0x20 ./Libraries/XMCLib/src/xmc_uart.o
                0x10001600                XMC_UART_CH_GetReceivedData
 .text.XMC_USIC_CH_Enable
                0x10001620       0x34 ./Libraries/XMCLib/src/xmc_usic.o
                0x10001620                XMC_USIC_CH_Enable
 .text.XMC_USIC_CH_SetBaudrate
                0x10001654       0xac ./Libraries/XMCLib/src/xmc_usic.o
                0x10001654                XMC_USIC_CH_SetBaudrate
 .text.XMC_USIC_CH_TXFIFO_Configure
                0x10001700       0x2c ./Libraries/XMCLib/src/xmc_usic.o
                0x10001700                XMC_USIC_CH_TXFIFO_Configure
 .text.XMC_USIC_CH_RXFIFO_Configure
                0x1000172c       0x30 ./Libraries/XMCLib/src/xmc_usic.o
                0x1000172c                XMC_USIC_CH_RXFIFO_Configure
 .text.XMC_USIC_CH_RXFIFO_SetSizeTriggerLimit
                0x1000175c       0x2c ./Libraries/XMCLib/src/xmc_usic.o
                0x1000175c                XMC_USIC_CH_RXFIFO_SetSizeTriggerLimit
 .text.XMC_USIC_CH_SetInterruptNodePointer
                0x10001788       0x14 ./Libraries/XMCLib/src/xmc_usic.o
                0x10001788                XMC_USIC_CH_SetInterruptNodePointer
 .text.XMC_USIC_CH_TXFIFO_SetInterruptNodePointer
                0x1000179c       0x18 ./Libraries/XMCLib/src/xmc_usic.o
                0x1000179c                XMC_USIC_CH_TXFIFO_SetInterruptNodePointer
 .text.XMC_USIC_CH_RXFIFO_SetInterruptNodePointer
                0x100017b4       0x18 ./Libraries/XMCLib/src/xmc_usic.o
                0x100017b4                XMC_USIC_CH_RXFIFO_SetInterruptNodePointer
 .text.XMC_VADC_GLOBAL_Init
                0x100017cc       0x44 ./Libraries/XMCLib/src/xmc_vadc.o
                0x100017cc                XMC_VADC_GLOBAL_Init
 .text.XMC_VADC_GLOBAL_InputClassInit
                0x10001810       0x24 ./Libraries/XMCLib/src/xmc_vadc.o
                0x10001810                XMC_VADC_GLOBAL_InputClassInit
 .text.XMC_VADC_GLOBAL_StartupCalibration
                0x10001834       0x48 ./Libraries/XMCLib/src/xmc_vadc.o
                0x10001834                XMC_VADC_GLOBAL_StartupCalibration
 .text.XMC_VADC_GLOBAL_BackgroundSetReqSrcEventInterruptNode
                0x1000187c       0x1c ./Libraries/XMCLib/src/xmc_vadc.o
                0x1000187c                XMC_VADC_GLOBAL_BackgroundSetReqSrcEventInterruptNode
 .text.XMC_VADC_GROUP_Init
                0x10001898       0xd4 ./Libraries/XMCLib/src/xmc_vadc.o
                0x10001898                XMC_VADC_GROUP_Init
 .text.XMC_VADC_GROUP_SetPowerMode
                0x1000196c       0x10 ./Libraries/XMCLib/src/xmc_vadc.o
                0x1000196c                XMC_VADC_GROUP_SetPowerMode
 .text.XMC_VADC_GLOBAL_SHS_EnableAcceleratedMode
                0x1000197c       0x20 ./Libraries/XMCLib/src/xmc_vadc.o
                0x1000197c                XMC_VADC_GLOBAL_SHS_EnableAcceleratedMode
 .text.XMC_VADC_GLOBAL_BackgroundInit
                0x1000199c       0xb4 ./Libraries/XMCLib/src/xmc_vadc.o
                0x1000199c                XMC_VADC_GLOBAL_BackgroundInit
 .text.XMC_VADC_GROUP_ChannelInit
                0x10001a50       0x78 ./Libraries/XMCLib/src/xmc_vadc.o
                0x10001a50                XMC_VADC_GROUP_ChannelInit
 .text._sbrk    0x10001ac8       0x40 ./Libraries/Newlib/syscalls.o
                0x10001ac8                _sbrk
 .text._init    0x10001b08        0x4 ./Libraries/Newlib/syscalls.o
                0x10001b08                _init
 .text.send_data
                0x10001b0c       0x48 ./HostCommunication/src/HostCommUART.o
                0x10001b0c                send_data
 .text.dump_arr_uint16
                0x10001b54       0x5c ./HostCommunication/src/HostCommUART.o
                0x10001b54                dump_arr_uint16
 .text.dumpRawIQ_uint16
                0x10001bb0       0x30 ./HostCommunication/src/HostCommUART.o
                0x10001bb0                dumpRawIQ_uint16
 .text.UART_Init
                0x10001be0        0xc ./Dave/Generated/UART/uart.o
                0x10001be0                UART_Init
 .text.UART_lTransmitHandler
                0x10001bec       0xac ./Dave/Generated/UART/uart.o
                0x10001bec                UART_lTransmitHandler
 .text.UART_lReceiveHandler
                0x10001c98       0xd8 ./Dave/Generated/UART/uart.o
                0x10001c98                UART_lReceiveHandler
 .text.UART_0_init
                0x10001d70       0xd8 ./Dave/Generated/UART/uart_conf.o
                0x10001d70                UART_0_init
 .text.USIC0_2_IRQHandler
                0x10001e48       0x10 ./Dave/Generated/UART/uart_conf.o
                0x10001e48                USIC0_2_IRQHandler
 .text.USIC0_1_IRQHandler
                0x10001e58       0x10 ./Dave/Generated/UART/uart_conf.o
                0x10001e58                USIC0_1_IRQHandler
 .text.TIMER_Start
                0x10001e68       0x20 ./Dave/Generated/TIMER/timer.o
                0x10001e68                TIMER_Start
 .text.TIMER_Stop
                0x10001e88       0x28 ./Dave/Generated/TIMER/timer.o
                0x10001e88                TIMER_Stop
 .text.TIMER_SetTimeInterval
                0x10001eb0       0xbc ./Dave/Generated/TIMER/timer.o
                0x10001eb0                TIMER_SetTimeInterval
 .text.TIMER_CCU4_lInit
                0x10001f6c       0x74 ./Dave/Generated/TIMER/timer.o
                0x10001f6c                TIMER_CCU4_lInit
 .text.TIMER_Init
                0x10001fe0       0x20 ./Dave/Generated/TIMER/timer.o
                0x10001fe0                TIMER_Init
 .text.RTC_lConfigureInterrupts
                0x10002000       0x4c ./Dave/Generated/RTC/rtc.o
                0x10002000                RTC_lConfigureInterrupts
 .text.RTC_lRegister_Callbacks
                0x1000204c       0x2c ./Dave/Generated/RTC/rtc.o
                0x1000204c                RTC_lRegister_Callbacks
 .text.RTC_Init
                0x10002078       0x54 ./Dave/Generated/RTC/rtc.o
                0x10002078                RTC_Init
 .text.INTERRUPT_Init
                0x100020cc       0x88 ./Dave/Generated/INTERRUPT/interrupt.o
                0x100020cc                INTERRUPT_Init
 .text.GLOBAL_SCU_XMC1_Init
                0x10002154       0x90 ./Dave/Generated/GLOBAL_SCU_XMC1/global_scu_xmc1.o
                0x10002154                GLOBAL_SCU_XMC1_Init
 .text.SCU_0_IRQHandler
                0x100021e4        0xc ./Dave/Generated/GLOBAL_SCU_XMC1/global_scu_xmc1.o
                0x100021e4                SCU_0_IRQHandler
 .text.SCU_1_IRQHandler
                0x100021f0        0xc ./Dave/Generated/GLOBAL_SCU_XMC1/global_scu_xmc1.o
                0x100021f0                SCU_1_IRQHandler
 .text.SCU_2_IRQHandler
                0x100021fc        0xc ./Dave/Generated/GLOBAL_SCU_XMC1/global_scu_xmc1.o
                0x100021fc                SCU_2_IRQHandler
 .text.GLOBAL_SCU_XMC1_RegisterCallback
                0x10002208        0x8 ./Dave/Generated/GLOBAL_SCU_XMC1/global_scu_xmc1.o
                0x10002208                GLOBAL_SCU_XMC1_RegisterCallback
 .text.GLOBAL_CCU4_Init
                0x10002210       0x28 ./Dave/Generated/GLOBAL_CCU4/global_ccu4.o
                0x10002210                GLOBAL_CCU4_Init
 .text.GLOBAL_ADC_Init
                0x10002238       0x88 ./Dave/Generated/GLOBAL_ADC/global_adc.o
                0x10002238                GLOBAL_ADC_Init
 .text.DIGITAL_IO_Init
                0x100022c0       0x1c ./Dave/Generated/DIGITAL_IO/digital_io.o
                0x100022c0                DIGITAL_IO_Init
 .text.SystemCoreSetup
                0x100022dc        0x4 ./Dave/Generated/CPU_CTRL_XMC1/cpu_ctrl_xmc1_conf.o
                0x100022dc                SystemCoreSetup
 .text.CLOCK_XMC1_Init
                0x100022e0       0x10 ./Dave/Generated/CLOCK_XMC1/clock_xmc1.o
                0x100022e0                CLOCK_XMC1_Init
 .text.SystemCoreClockSetup
                0x100022f0       0x1c ./Dave/Generated/CLOCK_XMC1/clock_xmc1_conf.o
                0x100022f0                SystemCoreClockSetup
 .text.ADC_MEASUREMENT_Init
                0x1000230c      0x158 ./Dave/Generated/ADC_MEASUREMENT/adc_measurement.o
                0x1000230c                ADC_MEASUREMENT_Init
 .text.ADC_MEASUREMENT_StartConversion
                0x10002464       0x14 ./Dave/Generated/ADC_MEASUREMENT/adc_measurement.o
                0x10002464                ADC_MEASUREMENT_StartConversion
 .text.ADC_MEASUREMENT_GetResult
                0x10002478       0x18 ./Dave/Generated/ADC_MEASUREMENT/adc_measurement.o
                0x10002478                ADC_MEASUREMENT_GetResult
 .text.DAVE_Init
                0x10002490       0x90 ./Dave/Generated/DAVE.o
                0x10002490                DAVE_Init
 .text.radarsense2gol_result
                0x10002520      0x17c ./main.o
                0x10002520                radarsense2gol_result
 .text.startup.main
                0x1000269c       0xc0 ./main.o
                0x1000269c                main
 .text.radarsense2gol_init
                0x1000275c       0xd8 C:\Users\±è°æ¹Î\Desktop\IFX_S2GL-HW-SW_V1.1.3\Firmware_Software\DAVE project\S2GL_Doppler\Libraries\S2GL_Lib\bin\libS2GL_Lib.a(s2gl_library.o)
                0x1000275c                radarsense2gol_init
 .text.radarsense2gol_start
                0x10002834       0x18 C:\Users\±è°æ¹Î\Desktop\IFX_S2GL-HW-SW_V1.1.3\Firmware_Software\DAVE project\S2GL_Doppler\Libraries\S2GL_Lib\bin\libS2GL_Lib.a(s2gl_library.o)
                0x10002834                radarsense2gol_start
 .text.radarsense2gol_stop
                0x1000284c       0x18 C:\Users\±è°æ¹Î\Desktop\IFX_S2GL-HW-SW_V1.1.3\Firmware_Software\DAVE project\S2GL_Doppler\Libraries\S2GL_Lib\bin\libS2GL_Lib.a(s2gl_library.o)
                0x1000284c                radarsense2gol_stop
 .text.radarsense2gol_set_detection_threshold
                0x10002864       0x14 C:\Users\±è°æ¹Î\Desktop\IFX_S2GL-HW-SW_V1.1.3\Firmware_Software\DAVE project\S2GL_Doppler\Libraries\S2GL_Lib\bin\libS2GL_Lib.a(s2gl_library.o)
                0x10002864                radarsense2gol_set_detection_threshold
 .text.radarsense2gol_exitmain
                0x10002878       0x30 C:\Users\±è°æ¹Î\Desktop\IFX_S2GL-HW-SW_V1.1.3\Firmware_Software\DAVE project\S2GL_Doppler\Libraries\S2GL_Lib\bin\libS2GL_Lib.a(s2gl_library.o)
                0x10002878                radarsense2gol_exitmain
 .text.radarsense2gol_regcb_result
                0x100028a8       0x1c C:\Users\±è°æ¹Î\Desktop\IFX_S2GL-HW-SW_V1.1.3\Firmware_Software\DAVE project\S2GL_Doppler\Libraries\S2GL_Lib\bin\libS2GL_Lib.a(s2gl_library.o)
                0x100028a8                radarsense2gol_regcb_result
 .text.CCU40_2_IRQHandler
                0x100028c4      0x380 C:\Users\±è°æ¹Î\Desktop\IFX_S2GL-HW-SW_V1.1.3\Firmware_Software\DAVE project\S2GL_Doppler\Libraries\S2GL_Lib\bin\libS2GL_Lib.a(s2gl_library.o)
                0x100028c4                CCU40_2_IRQHandler
 .text.RTC_ISR  0x10002c44       0x14 C:\Users\±è°æ¹Î\Desktop\IFX_S2GL-HW-SW_V1.1.3\Firmware_Software\DAVE project\S2GL_Doppler\Libraries\S2GL_Lib\bin\libS2GL_Lib.a(s2gl_library.o)
                0x10002c44                RTC_ISR
 .text.VADC0_C0_0_IRQHandler
                0x10002c58       0x28 C:\Users\±è°æ¹Î\Desktop\IFX_S2GL-HW-SW_V1.1.3\Firmware_Software\DAVE project\S2GL_Doppler\Libraries\S2GL_Lib\bin\libS2GL_Lib.a(s2gl_library.o)
                0x10002c58                VADC0_C0_0_IRQHandler
 .text.lradarsense2gol_remove_mean
                0x10002c80       0x1e C:\Users\±è°æ¹Î\Desktop\IFX_S2GL-HW-SW_V1.1.3\Firmware_Software\DAVE project\S2GL_Doppler\Libraries\S2GL_Lib\bin\libS2GL_Lib.a(s2gl_calc.o)
                0x10002c80                lradarsense2gol_remove_mean
 *fill*         0x10002c9e        0x2 
 .text.lradarsense2gol_window_hanning
                0x10002ca0       0x8c C:\Users\±è°æ¹Î\Desktop\IFX_S2GL-HW-SW_V1.1.3\Firmware_Software\DAVE project\S2GL_Doppler\Libraries\S2GL_Lib\bin\libS2GL_Lib.a(s2gl_calc.o)
                0x10002ca0                lradarsense2gol_window_hanning
 .text.lradarsense2gol_fft
                0x10002d2c      0x124 C:\Users\±è°æ¹Î\Desktop\IFX_S2GL-HW-SW_V1.1.3\Firmware_Software\DAVE project\S2GL_Doppler\Libraries\S2GL_Lib\bin\libS2GL_Lib.a(s2gl_calc.o)
                0x10002d2c                lradarsense2gol_fft
 .text.lradarsense2gol_calc_mag
                0x10002e50       0x9c C:\Users\±è°æ¹Î\Desktop\IFX_S2GL-HW-SW_V1.1.3\Firmware_Software\DAVE project\S2GL_Doppler\Libraries\S2GL_Lib\bin\libS2GL_Lib.a(s2gl_calc.o)
                0x10002e50                lradarsense2gol_calc_mag
 .text.lradarsense2gol_calc_direction
                0x10002eec       0x40 C:\Users\±è°æ¹Î\Desktop\IFX_S2GL-HW-SW_V1.1.3\Firmware_Software\DAVE project\S2GL_Doppler\Libraries\S2GL_Lib\bin\libS2GL_Lib.a(s2gl_calc.o)
                0x10002eec                lradarsense2gol_calc_direction
 .text          0x10002f2c       0x74 c:/infineon/tools/dave ide/4.5.0.202105191637/eclipse/arm-gcc-49/bin/../lib/gcc/arm-none-eabi/4.9.3/armv6-m\libgcc.a(_arm_cmpsf2.o)
                0x10002f2c                __aeabi_cfrcmple
                0x10002f34                __aeabi_cfcmpeq
                0x10002f34                __aeabi_cfcmple
                0x10002f44                __aeabi_fcmpeq
                0x10002f50                __aeabi_fcmplt
                0x10002f64                __aeabi_fcmple
                0x10002f78                __aeabi_fcmpgt
                0x10002f8c                __aeabi_fcmpge
 .text          0x10002fa0       0x40 c:/infineon/tools/dave ide/4.5.0.202105191637/eclipse/arm-gcc-49/bin/../lib/gcc/arm-none-eabi/4.9.3/armv6-m\libgcc.a(_aeabi_uldivmod.o)
                0x10002fa0                __aeabi_uldivmod
 .text          0x10002fe0       0x54 c:/infineon/tools/dave ide/4.5.0.202105191637/eclipse/arm-gcc-49/bin/../lib/gcc/arm-none-eabi/4.9.3/armv6-m\libgcc.a(_muldi3.o)
                0x10002fe0                __muldi3
                0x10002fe0                __aeabi_lmul
 .text          0x10003034       0x6c c:/infineon/tools/dave ide/4.5.0.202105191637/eclipse/arm-gcc-49/bin/../lib/gcc/arm-none-eabi/4.9.3/armv6-m\libgcc.a(bpabi.o)
                0x10003034                __gnu_ldivmod_helper
                0x1000306c                __gnu_uldivmod_helper
 .text          0x100030a0      0x270 c:/infineon/tools/dave ide/4.5.0.202105191637/eclipse/arm-gcc-49/bin/../lib/gcc/arm-none-eabi/4.9.3/armv6-m\libgcc.a(divsf3.o)
                0x100030a0                __aeabi_fdiv
 .text          0x10003310       0x54 c:/infineon/tools/dave ide/4.5.0.202105191637/eclipse/arm-gcc-49/bin/../lib/gcc/arm-none-eabi/4.9.3/armv6-m\libgcc.a(eqsf2.o)
                0x10003310                __eqsf2
                0x10003310                __nesf2
 .text          0x10003364       0x94 c:/infineon/tools/dave ide/4.5.0.202105191637/eclipse/arm-gcc-49/bin/../lib/gcc/arm-none-eabi/4.9.3/armv6-m\libgcc.a(gesf2.o)
                0x10003364                __gesf2
                0x10003364                __gtsf2
 .text          0x100033f8       0x8c c:/infineon/tools/dave ide/4.5.0.202105191637/eclipse/arm-gcc-49/bin/../lib/gcc/arm-none-eabi/4.9.3/armv6-m\libgcc.a(lesf2.o)
                0x100033f8                __ltsf2
                0x100033f8                __lesf2
 .text          0x10003484      0x264 c:/infineon/tools/dave ide/4.5.0.202105191637/eclipse/arm-gcc-49/bin/../lib/gcc/arm-none-eabi/4.9.3/armv6-m\libgcc.a(mulsf3.o)
                0x10003484                __aeabi_fmul
 .text          0x100036e8       0x90 c:/infineon/tools/dave ide/4.5.0.202105191637/eclipse/arm-gcc-49/bin/../lib/gcc/arm-none-eabi/4.9.3/armv6-m\libgcc.a(floatunsisf.o)
                0x100036e8                __aeabi_ui2f
 .text          0x10003778        0x4 c:/infineon/tools/dave ide/4.5.0.202105191637/eclipse/arm-gcc-49/bin/../lib/gcc/arm-none-eabi/4.9.3/armv6-m\libgcc.a(_dvmd_tls.o)
                0x10003778                __aeabi_idiv0
                0x10003778                __aeabi_ldiv0
 .text          0x1000377c       0x3c c:/infineon/tools/dave ide/4.5.0.202105191637/eclipse/arm-gcc-49/bin/../lib/gcc/arm-none-eabi/4.9.3/armv6-m\libgcc.a(_clzsi2.o)
                0x1000377c                __clzsi2
 .text          0x100037b8      0x1f0 c:/infineon/tools/dave ide/4.5.0.202105191637/eclipse/arm-gcc-49/bin/../lib/gcc/arm-none-eabi/4.9.3/armv6-m\libgcc.a(_divdi3.o)
                0x100037b8                __divdi3
 .text          0x100039a8      0x158 c:/infineon/tools/dave ide/4.5.0.202105191637/eclipse/arm-gcc-49/bin/../lib/gcc/arm-none-eabi/4.9.3/armv6-m\libgcc.a(_udivdi3.o)
                0x100039a8                __udivdi3
 .text          0x10003b00       0x18 c:/infineon/tools/dave ide/4.5.0.202105191637/eclipse/arm-gcc-49/bin/../lib/gcc/arm-none-eabi/4.9.3/armv6-m\libgcc.a(_clzdi2.o)
                0x10003b00                __clzdi2
 .text.__errno  0x10003b18        0xc c:/infineon/tools/dave ide/4.5.0.202105191637/eclipse/arm-gcc-49/bin/../lib/gcc/arm-none-eabi/4.9.3/../../../../arm-none-eabi/lib/armv6-m\libg_nano.a(lib_a-errno.o)
                0x10003b18                __errno
 .text.__libc_init_array
                0x10003b24       0x4c c:/infineon/tools/dave ide/4.5.0.202105191637/eclipse/arm-gcc-49/bin/../lib/gcc/arm-none-eabi/4.9.3/../../../../arm-none-eabi/lib/armv6-m\libg_nano.a(lib_a-init.o)
                0x10003b24                __libc_init_array
 .text.memcpy   0x10003b70       0x12 c:/infineon/tools/dave ide/4.5.0.202105191637/eclipse/arm-gcc-49/bin/../lib/gcc/arm-none-eabi/4.9.3/../../../../arm-none-eabi/lib/armv6-m\libg_nano.a(lib_a-memcpy.o)
                0x10003b70                memcpy
 *fill*         0x10003b82        0x2 
 .text.sprintf  0x10003b84       0x44 c:/infineon/tools/dave ide/4.5.0.202105191637/eclipse/arm-gcc-49/bin/../lib/gcc/arm-none-eabi/4.9.3/../../../../arm-none-eabi/lib/armv6-m\libg_nano.a(lib_a-sprintf.o)
                0x10003b84                siprintf
                0x10003b84                sprintf
 .text.__ssputs_r
                0x10003bc8       0xc0 c:/infineon/tools/dave ide/4.5.0.202105191637/eclipse/arm-gcc-49/bin/../lib/gcc/arm-none-eabi/4.9.3/../../../../arm-none-eabi/lib/armv6-m\libg_nano.a(lib_a-nano-svfprintf.o)
                0x10003bc8                __ssputs_r
 .text._svfprintf_r
                0x10003c88      0x1ec c:/infineon/tools/dave ide/4.5.0.202105191637/eclipse/arm-gcc-49/bin/../lib/gcc/arm-none-eabi/4.9.3/../../../../arm-none-eabi/lib/armv6-m\libg_nano.a(lib_a-nano-svfprintf.o)
                0x10003c88                _svfiprintf_r
                0x10003c88                _svfprintf_r
 .text._printf_common
                0x10003e74       0xdc c:/infineon/tools/dave ide/4.5.0.202105191637/eclipse/arm-gcc-49/bin/../lib/gcc/arm-none-eabi/4.9.3/../../../../arm-none-eabi/lib/armv6-m\libg_nano.a(lib_a-nano-vfprintf_i.o)
                0x10003e74                _printf_common
 .text._printf_i
                0x10003f50      0x230 c:/infineon/tools/dave ide/4.5.0.202105191637/eclipse/arm-gcc-49/bin/../lib/gcc/arm-none-eabi/4.9.3/../../../../arm-none-eabi/lib/armv6-m\libg_nano.a(lib_a-nano-vfprintf_i.o)
                0x10003f50                _printf_i
 .text.memchr   0x10004180       0x16 c:/infineon/tools/dave ide/4.5.0.202105191637/eclipse/arm-gcc-49/bin/../lib/gcc/arm-none-eabi/4.9.3/../../../../arm-none-eabi/lib/armv6-m\libg_nano.a(lib_a-memchr.o)
                0x10004180                memchr
 .text.memmove  0x10004196       0x28 c:/infineon/tools/dave ide/4.5.0.202105191637/eclipse/arm-gcc-49/bin/../lib/gcc/arm-none-eabi/4.9.3/../../../../arm-none-eabi/lib/armv6-m\libg_nano.a(lib_a-memmove.o)
                0x10004196                memmove
 *fill*         0x100041be        0x2 
 .text._free_r  0x100041c0       0x8c c:/infineon/tools/dave ide/4.5.0.202105191637/eclipse/arm-gcc-49/bin/../lib/gcc/arm-none-eabi/4.9.3/../../../../arm-none-eabi/lib/armv6-m\libg_nano.a(lib_a-nano-freer.o)
                0x100041c0                _free_r
 .text._malloc_r
                0x1000424c       0xb0 c:/infineon/tools/dave ide/4.5.0.202105191637/eclipse/arm-gcc-49/bin/../lib/gcc/arm-none-eabi/4.9.3/../../../../arm-none-eabi/lib/armv6-m\libg_nano.a(lib_a-nano-mallocr.o)
                0x1000424c                _malloc_r
 .text._realloc_r
                0x100042fc       0x4c c:/infineon/tools/dave ide/4.5.0.202105191637/eclipse/arm-gcc-49/bin/../lib/gcc/arm-none-eabi/4.9.3/../../../../arm-none-eabi/lib/armv6-m\libg_nano.a(lib_a-nano-reallocr.o)
                0x100042fc                _realloc_r
 .text._sbrk_r  0x10004348       0x24 c:/infineon/tools/dave ide/4.5.0.202105191637/eclipse/arm-gcc-49/bin/../lib/gcc/arm-none-eabi/4.9.3/../../../../arm-none-eabi/lib/armv6-m\libg_nano.a(lib_a-sbrkr.o)
                0x10004348                _sbrk_r
 .text._malloc_usable_size_r
                0x1000436c       0x16 c:/infineon/tools/dave ide/4.5.0.202105191637/eclipse/arm-gcc-49/bin/../lib/gcc/arm-none-eabi/4.9.3/../../../../arm-none-eabi/lib/armv6-m\libg_nano.a(lib_a-nano-msizer.o)
                0x1000436c                _malloc_usable_size_r
 *(.init)
 *(.fini)
 *crtbegin.o(.ctors)
 *crtbegin?.o(.ctors)
 *(EXCLUDE_FILE(*crtend.o *crtend?.o) .ctors)
 *(SORT(.ctors.*))
 *(.ctors)
 *crtbegin.o(.dtors)
 *crtbegin?.o(.dtors)
 *(EXCLUDE_FILE(*crtend.o *crtend?.o) .dtors)
 *(SORT(.dtors.*))
 *(.dtors)
 *(.rodata .rodata.*)
 *fill*         0x10004382        0x2 
 .rodata.event_masks
                0x10004384        0xc ./Libraries/XMCLib/src/xmc1_scu.o
 .rodata.CSWTCH.37
                0x10004390       0x28 ./Libraries/XMCLib/src/xmc_ccu4.o
 .rodata.CSWTCH.38
                0x100043b8       0x28 ./Libraries/XMCLib/src/xmc_ccu4.o
 .rodata.str1.4
                0x100043e0       0x7c ./HostCommunication/src/HostCommUART.o
 .rodata.UART_0_config
                0x1000445c       0x30 ./Dave/Generated/UART/uart_conf.o
                0x1000445c                UART_0_config
 .rodata.UART_0_rx_pin_config
                0x1000448c        0x8 ./Dave/Generated/UART/uart_conf.o
                0x1000448c                UART_0_rx_pin_config
 .rodata.UART_0_tx_pin
                0x10004494        0xc ./Dave/Generated/UART/uart_conf.o
                0x10004494                UART_0_tx_pin
 .rodata.UART_0_tx_pin_config
                0x100044a0        0x8 ./Dave/Generated/UART/uart_conf.o
                0x100044a0                UART_0_tx_pin_config
 .rodata.UART_0_channel_config
                0x100044a8        0xc ./Dave/Generated/UART/uart_conf.o
                0x100044a8                UART_0_channel_config
 .rodata.RTC_0_config
                0x100044b4       0x10 ./Dave/Generated/RTC/rtc_conf.o
                0x100044b4                RTC_0_config
 .rodata.RTC_0_time_alarm_config
                0x100044c4       0x14 ./Dave/Generated/RTC/rtc_conf.o
                0x100044c4                RTC_0_time_alarm_config
 .rodata.INTERRUPT_0
                0x100044d8        0x4 ./Dave/Generated/INTERRUPT/interrupt_conf.o
                0x100044d8                INTERRUPT_0
 .rodata.GLOBAL_SCU_XMC1_0_config
                0x100044dc        0x8 ./Dave/Generated/GLOBAL_SCU_XMC1/global_scu_xmc1_conf.o
                0x100044dc                GLOBAL_SCU_XMC1_0_config
 .rodata.group_init_handle0
                0x100044e4       0x14 ./Dave/Generated/GLOBAL_ADC/global_adc_conf.o
                0x100044e4                group_init_handle0
 .rodata.group_init_handle1
                0x100044f8       0x14 ./Dave/Generated/GLOBAL_ADC/global_adc_conf.o
                0x100044f8                group_init_handle1
 .rodata.global_config
                0x1000450c       0x18 ./Dave/Generated/GLOBAL_ADC/global_adc_conf.o
                0x1000450c                global_config
 .rodata.BGT24  0x10004524       0x10 ./Dave/Generated/DIGITAL_IO/digital_io_conf.o
                0x10004524                BGT24
 .rodata.LED_ORANGE
                0x10004534       0x10 ./Dave/Generated/DIGITAL_IO/digital_io_conf.o
                0x10004534                LED_ORANGE
 .rodata.LED_RED
                0x10004544       0x10 ./Dave/Generated/DIGITAL_IO/digital_io_conf.o
                0x10004544                LED_RED
 .rodata.LED_BLUE
                0x10004554       0x10 ./Dave/Generated/DIGITAL_IO/digital_io_conf.o
                0x10004554                LED_BLUE
 .rodata        0x10004564        0xc ./Dave/Generated/CLOCK_XMC1/clock_xmc1_conf.o
 .rodata.backgnd_rs_intr_handle
                0x10004570        0x8 ./Dave/Generated/ADC_MEASUREMENT/adc_measurement_conf.o
                0x10004570                backgnd_rs_intr_handle
 .rodata.backgnd_config
                0x10004578        0xc ./Dave/Generated/ADC_MEASUREMENT/adc_measurement_conf.o
                0x10004578                backgnd_config
 .rodata.global_iclass_config
                0x10004584        0x4 ./Dave/Generated/ADC_MEASUREMENT/adc_measurement_conf.o
                0x10004584                global_iclass_config
 .rodata        0x10004588       0x80 c:/infineon/tools/dave ide/4.5.0.202105191637/eclipse/arm-gcc-49/bin/../lib/gcc/arm-none-eabi/4.9.3/armv6-m\libgcc.a(divsf3.o)
 .rodata        0x10004608       0x40 c:/infineon/tools/dave ide/4.5.0.202105191637/eclipse/arm-gcc-49/bin/../lib/gcc/arm-none-eabi/4.9.3/armv6-m\libgcc.a(mulsf3.o)
 .rodata.str1.1
                0x10004648        0x2 c:/infineon/tools/dave ide/4.5.0.202105191637/eclipse/arm-gcc-49/bin/../lib/gcc/arm-none-eabi/4.9.3/../../../../arm-none-eabi/lib/armv6-m\libg_nano.a(lib_a-impure.o)
 .rodata.str1.1
                0x1000464a       0x11 c:/infineon/tools/dave ide/4.5.0.202105191637/eclipse/arm-gcc-49/bin/../lib/gcc/arm-none-eabi/4.9.3/../../../../arm-none-eabi/lib/armv6-m\libg_nano.a(lib_a-nano-svfprintf.o)
 .rodata.str1.1
                0x1000465b       0x22 c:/infineon/tools/dave ide/4.5.0.202105191637/eclipse/arm-gcc-49/bin/../lib/gcc/arm-none-eabi/4.9.3/../../../../arm-none-eabi/lib/armv6-m\libg_nano.a(lib_a-nano-vfprintf_i.o)
 *(.gnu.linkonce.r*)

.glue_7         0x10004680        0x0
 .glue_7        0x00000000        0x0 linker stubs

.glue_7t        0x10004680        0x0
 .glue_7t       0x00000000        0x0 linker stubs

.vfp11_veneer   0x10004680        0x0
 .vfp11_veneer  0x00000000        0x0 linker stubs

.v4_bx          0x10004680        0x0
 .v4_bx         0x00000000        0x0 linker stubs

.iplt           0x10004680        0x0
 .iplt          0x00000000        0x0 ./Startup/startup_XMC1300.o

.eh_frame_hdr
 *(.eh_frame_hdr)

.eh_frame
 *(.eh_frame)

.ARM.extab
 *(.ARM.extab* .gnu.linkonce.armextab.*)
                0x10004680                . = ALIGN (0x4)
                0x10004680                __exidx_start = .

.ARM.exidx      0x10004680        0x8
 *(.ARM.exidx* .gnu.linkonce.armexidx.*)
 .ARM.exidx     0x10004680        0x8 c:/infineon/tools/dave ide/4.5.0.202105191637/eclipse/arm-gcc-49/bin/../lib/gcc/arm-none-eabi/4.9.3/armv6-m\libgcc.a(_divdi3.o)
 .ARM.exidx     0x10004688        0x0 c:/infineon/tools/dave ide/4.5.0.202105191637/eclipse/arm-gcc-49/bin/../lib/gcc/arm-none-eabi/4.9.3/armv6-m\libgcc.a(_udivdi3.o)
                                  0x8 (size before relaxing)
                0x10004688                __exidx_end = .
                0x10004688                . = ALIGN (0x4)
                0x10004688                eROData = .

.VENEER_Code    0x2000000c      0x138 load address 0x10004688
                0x2000000c                . = ALIGN (0x4)
                0x2000000c                VeneerStart = .
 *(.XmcVeneerCode)
 .XmcVeneerCode
                0x2000000c      0x138 ./Startup/startup_XMC1300.o
                0x2000000c                HardFault_Veneer
                0x2000002c                SVC_Veneer
                0x20000038                PendSV_Veneer
                0x2000003c                SysTick_Veneer
                0x20000040                SCU_0_Veneer
                0x20000044                SCU_1_Veneer
                0x20000048                SCU_2_Veneer
                0x2000004c                SCU_3_Veneer
                0x20000050                SCU_4_Veneer
                0x20000054                SCU_5_Veneer
                0x20000058                SCU_6_Veneer
                0x2000005c                MATH_Veneer
                0x20000064                USIC0_0_Veneer
                0x20000068                USIC0_1_Veneer
                0x2000006c                USIC0_2_Veneer
                0x20000070                USIC0_3_Veneer
                0x20000074                USIC0_4_Veneer
                0x20000078                USIC0_5_Veneer
                0x2000007c                VADC0_C0_0_Veneer
                0x20000080                VADC0_C0_1_Veneer
                0x20000084                VADC0_G0_0_Veneer
                0x20000088                VADC0_G0_1_Veneer
                0x2000008c                VADC0_G1_0_Veneer
                0x20000090                VADC0_G1_1_Veneer
                0x20000094                CCU40_0_Veneer
                0x20000098                CCU40_1_Veneer
                0x2000009c                CCU40_2_Veneer
                0x200000a0                CCU40_3_Veneer
                0x200000a4                CCU80_0_Veneer
                0x200000a8                CCU80_1_Veneer
                0x200000ac                POSIF0_0_Veneer
                0x200000b0                POSIF0_1_Veneer
                0x200000bc                BCCU0_0_Veneer
                0x20000144                . = ALIGN (0x4)
                0x20000144                VeneerEnd = .
                0x00000138                VeneerSize = (ABSOLUTE (VeneerEnd) - ABSOLUTE (VeneerStart))

.rel.dyn        0x20000144        0x0 load address 0x100047c0
 .rel.iplt      0x00000000        0x0 ./Startup/startup_XMC1300.o

Stack           0x20000144      0x404 load address 0x00000000
                0x20000148                . = ALIGN (0x8)
 *fill*         0x20000144        0x4 
                0x20000548                . = (. + stack_size)
 *fill*         0x20000148      0x400 
                0x20000548                __initial_sp = .
                0x100047c0                DataLoadAddr = (eROData + VeneerSize)

.data           0x20000548      0x38c load address 0x100047c0
                0x20000548                . = ALIGN (0x4)
                0x20000548                __data_start = .
 *(vtable)
 *(.data)
 *(.data*)
 .data.UART_0   0x20000548        0xc ./Dave/Generated/UART/uart_conf.o
                0x20000548                UART_0
 .data.TIMER_0  0x20000554       0x28 ./Dave/Generated/TIMER/timer_conf.o
                0x20000554                TIMER_0
 .data.RTC_0    0x2000057c        0xc ./Dave/Generated/RTC/rtc_conf.o
                0x2000057c                RTC_0
 .data.GLOBAL_SCU_XMC1_0
                0x20000588        0x8 ./Dave/Generated/GLOBAL_SCU_XMC1/global_scu_xmc1_conf.o
                0x20000588                GLOBAL_SCU_XMC1_0
 .data.GLOBAL_CCU4_0
                0x20000590       0x10 ./Dave/Generated/GLOBAL_CCU4/global_ccu4_conf.o
                0x20000590                GLOBAL_CCU4_0
 .data.group_0_config
                0x200005a0        0xc ./Dave/Generated/GLOBAL_ADC/global_adc_conf.o
                0x200005a0                group_0_config
 .data.GLOBAL_ADC_0
                0x200005ac       0x18 ./Dave/Generated/GLOBAL_ADC/global_adc_conf.o
                0x200005ac                GLOBAL_ADC_0
 .data.group_1_config
                0x200005c4        0xc ./Dave/Generated/GLOBAL_ADC/global_adc_conf.o
                0x200005c4                group_1_config
 .data.ADC_MEASUREMENT_Channel_I_handle
                0x200005d0       0x10 ./Dave/Generated/ADC_MEASUREMENT/adc_measurement_conf.o
                0x200005d0                ADC_MEASUREMENT_Channel_I_handle
 .data.ADC_MEASUREMENT_0
                0x200005e0       0x1c ./Dave/Generated/ADC_MEASUREMENT/adc_measurement_conf.o
                0x200005e0                ADC_MEASUREMENT_0
 .data.Channel_I_ch_config
                0x200005fc       0x10 ./Dave/Generated/ADC_MEASUREMENT/adc_measurement_conf.o
                0x200005fc                Channel_I_ch_config
 .data.Channel_Q_ch_config
                0x2000060c       0x10 ./Dave/Generated/ADC_MEASUREMENT/adc_measurement_conf.o
                0x2000060c                Channel_Q_ch_config
 .data.ADC_MEASUREMENT_Channel_Q_handle
                0x2000061c       0x10 ./Dave/Generated/ADC_MEASUREMENT/adc_measurement_conf.o
                0x2000061c                ADC_MEASUREMENT_Channel_Q_handle
 .data.ADC_MEASUREMENT_channel_array
                0x2000062c        0x8 ./Dave/Generated/ADC_MEASUREMENT/adc_measurement_conf.o
                0x2000062c                ADC_MEASUREMENT_channel_array
 .data.g_start  0x20000634        0x1 ./main.o
                0x20000634                g_start
 *fill*         0x20000635        0x3 
 .data.radarsense2gol_algorithm
                0x20000638        0xc ./main.o
                0x20000638                radarsense2gol_algorithm
 .data.g_max_velocity
                0x20000644        0x4 ./main.o
                0x20000644                g_max_velocity
 .data.radarsense2gol_timing
                0x20000648        0xc ./main.o
                0x20000648                radarsense2gol_timing
 .data.g_uart_start
                0x20000654        0x1 ./main.o
                0x20000654                g_uart_start
 *fill*         0x20000655        0x3 
 .data.g_min_velocity
                0x20000658        0x4 ./main.o
                0x20000658                g_min_velocity
 .data.radarsense2gol_powerdown
                0x2000065c        0x4 ./main.o
                0x2000065c                radarsense2gol_powerdown
 .data.g_motion
                0x20000660        0x1 ./main.o
                0x20000660                g_motion
 *fill*         0x20000661        0x3 
 .data.ADC_result_Q
                0x20000664        0x4 C:\Users\±è°æ¹Î\Desktop\IFX_S2GL-HW-SW_V1.1.3\Firmware_Software\DAVE project\S2GL_Doppler\Libraries\S2GL_Lib\bin\libS2GL_Lib.a(s2gl_library.o)
                0x20000664                ADC_result_Q
 .data.ADC_result_I
                0x20000668        0x4 C:\Users\±è°æ¹Î\Desktop\IFX_S2GL-HW-SW_V1.1.3\Firmware_Software\DAVE project\S2GL_Doppler\Libraries\S2GL_Lib\bin\libS2GL_Lib.a(s2gl_library.o)
                0x20000668                ADC_result_I
 .data.aquired_samples.8645
                0x2000066c        0x4 C:\Users\±è°æ¹Î\Desktop\IFX_S2GL-HW-SW_V1.1.3\Firmware_Software\DAVE project\S2GL_Doppler\Libraries\S2GL_Lib\bin\libS2GL_Lib.a(s2gl_library.o)
 .data.Sine     0x20000670      0x200 C:\Users\±è°æ¹Î\Desktop\IFX_S2GL-HW-SW_V1.1.3\Firmware_Software\DAVE project\S2GL_Doppler\Libraries\S2GL_Lib\bin\libS2GL_Lib.a(s2gl_calc.o)
                0x20000670                Sine
 .data.impure_data
                0x20000870       0x60 c:/infineon/tools/dave ide/4.5.0.202105191637/eclipse/arm-gcc-49/bin/../lib/gcc/arm-none-eabi/4.9.3/../../../../arm-none-eabi/lib/armv6-m\libg_nano.a(lib_a-impure.o)
 .data._impure_ptr
                0x200008d0        0x4 c:/infineon/tools/dave ide/4.5.0.202105191637/eclipse/arm-gcc-49/bin/../lib/gcc/arm-none-eabi/4.9.3/../../../../arm-none-eabi/lib/armv6-m\libg_nano.a(lib_a-impure.o)
                0x200008d0                _impure_ptr
 *(*.data)
 *(.gnu.linkonce.d*)
                0x200008d4                . = ALIGN (0x4)
                0x200008d4                PROVIDE (__preinit_array_start, .)
 *(.preinit_array)
                0x200008d4                PROVIDE (__preinit_array_end, .)
                0x200008d4                . = ALIGN (0x4)
                0x200008d4                PROVIDE (__init_array_start, .)
 *(SORT(.init_array.*))
 *(.init_array)
                0x200008d4                PROVIDE (__init_array_end, .)
                0x200008d4                . = ALIGN (0x4)
                0x200008d4                PROVIDE (__fini_array_start, .)
 *(SORT(.fini_array.*))
 *(.fini_array)
                0x200008d4                PROVIDE (__fini_array_end, .)
                0x200008d4                . = ALIGN (0x4)
                0x200008d4                __data_end = .
                0x0000038c                __data_size = (__data_end - __data_start)

.igot.plt       0x200008d4        0x0 load address 0x10004b4c
 .igot.plt      0x00000000        0x0 ./Startup/startup_XMC1300.o

.ram_code       0x200008d4        0x0 load address 0x10004b4c
                0x200008d4                . = ALIGN (0x4)
                0x200008d4                __ram_code_start = .
 *(.ram_code)
                0x200008d4                . = ALIGN (0x4)
                0x200008d4                __ram_code_end = .
                0x10004b4c                __ram_code_load = LOADADDR (.ram_code)
                0x00000000                __ram_code_size = (__ram_code_end - __ram_code_start)

.bss            0x200008d4     0x181c load address 0x10004b4c
                0x200008d4                . = ALIGN (0x4)
                0x200008d4                __bss_start = .
 *(.bss)
 *(.bss*)
 .bss.IDIV.4926
                0x200008d4        0x4 ./Startup/system_XMC1300.o
 .bss.FDIV.4927
                0x200008d8        0x4 ./Startup/system_XMC1300.o
 .bss.event_handler_list
                0x200008dc       0x80 ./Libraries/XMCLib/src/xmc1_scu.o
 .bss.heap_ptr.4327
                0x2000095c        0x4 ./Libraries/Newlib/syscalls.o
 .bss.UART_0_runtime
                0x20000960       0x1c ./Dave/Generated/UART/uart_conf.o
                0x20000960                UART_0_runtime
 .bss.TIMER_0_config
                0x2000097c        0x8 ./Dave/Generated/TIMER/timer_conf.o
                0x2000097c                TIMER_0_config
 .bss.CLOCK_XMC1_0
                0x20000984        0x4 ./Dave/Generated/CLOCK_XMC1/clock_xmc1_conf.o
                0x20000984                CLOCK_XMC1_0
 .bss.Channel_Q_res_config
                0x20000988        0x4 ./Dave/Generated/ADC_MEASUREMENT/adc_measurement_conf.o
                0x20000988                Channel_Q_res_config
 .bss.Channel_I_res_config
                0x2000098c        0x4 ./Dave/Generated/ADC_MEASUREMENT/adc_measurement_conf.o
                0x2000098c                Channel_I_res_config
 .bss.g_fft_data
                0x20000990      0x100 ./main.o
                0x20000990                g_fft_data
 .bss.g_doppler_frequency
                0x20000a90        0x4 ./main.o
                0x20000a90                g_doppler_frequency
 .bss.g_sampling_data_I
                0x20000a94      0x100 ./main.o
                0x20000a94                g_sampling_data_I
 .bss.g_doppler_velocity
                0x20000b94        0x4 ./main.o
                0x20000b94                g_doppler_velocity
 .bss.g_sampling_data_Q
                0x20000b98      0x100 ./main.o
                0x20000b98                g_sampling_data_Q
 .bss.g_vadcCLKgating_enable
                0x20000c98        0x1 C:\Users\±è°æ¹Î\Desktop\IFX_S2GL-HW-SW_V1.1.3\Firmware_Software\DAVE project\S2GL_Doppler\Libraries\S2GL_Lib\bin\libS2GL_Lib.a(s2gl_library.o)
 *fill*         0x20000c99        0x3 
 .bss.g_startacq_cb
                0x20000c9c        0x4 C:\Users\±è°æ¹Î\Desktop\IFX_S2GL-HW-SW_V1.1.3\Firmware_Software\DAVE project\S2GL_Doppler\Libraries\S2GL_Lib\bin\libS2GL_Lib.a(s2gl_library.o)
 .bss.hold_on.8649
                0x20000ca0        0x1 C:\Users\±è°æ¹Î\Desktop\IFX_S2GL-HW-SW_V1.1.3\Firmware_Software\DAVE project\S2GL_Doppler\Libraries\S2GL_Lib\bin\libS2GL_Lib.a(s2gl_library.o)
 .bss.g_mainexec_enable
                0x20000ca1        0x1 C:\Users\±è°æ¹Î\Desktop\IFX_S2GL-HW-SW_V1.1.3\Firmware_Software\DAVE project\S2GL_Doppler\Libraries\S2GL_Lib\bin\libS2GL_Lib.a(s2gl_library.o)
 *fill*         0x20000ca2        0x2 
 .bss.g_trigger_cb
                0x20000ca4        0x4 C:\Users\±è°æ¹Î\Desktop\IFX_S2GL-HW-SW_V1.1.3\Firmware_Software\DAVE project\S2GL_Doppler\Libraries\S2GL_Lib\bin\libS2GL_Lib.a(s2gl_library.o)
 .bss.g_intialized
                0x20000ca8        0x4 C:\Users\±è°æ¹Î\Desktop\IFX_S2GL-HW-SW_V1.1.3\Firmware_Software\DAVE project\S2GL_Doppler\Libraries\S2GL_Lib\bin\libS2GL_Lib.a(s2gl_library.o)
 .bss.g_apply50HzFilter
                0x20000cac        0x1 C:\Users\±è°æ¹Î\Desktop\IFX_S2GL-HW-SW_V1.1.3\Firmware_Software\DAVE project\S2GL_Doppler\Libraries\S2GL_Lib\bin\libS2GL_Lib.a(s2gl_library.o)
 .bss.g_hold_on_cycles
                0x20000cad        0x1 C:\Users\±è°æ¹Î\Desktop\IFX_S2GL-HW-SW_V1.1.3\Firmware_Software\DAVE project\S2GL_Doppler\Libraries\S2GL_Lib\bin\libS2GL_Lib.a(s2gl_library.o)
 .bss.g_N_exponent_samples
                0x20000cae        0x1 C:\Users\±è°æ¹Î\Desktop\IFX_S2GL-HW-SW_V1.1.3\Firmware_Software\DAVE project\S2GL_Doppler\Libraries\S2GL_Lib\bin\libS2GL_Lib.a(s2gl_library.o)
 *fill*         0x20000caf        0x1 
 .bss.g_endacq_cb
                0x20000cb0        0x4 C:\Users\±è°æ¹Î\Desktop\IFX_S2GL-HW-SW_V1.1.3\Firmware_Software\DAVE project\S2GL_Doppler\Libraries\S2GL_Lib\bin\libS2GL_Lib.a(s2gl_library.o)
 .bss.g_t_sample_us
                0x20000cb4        0x4 C:\Users\±è°æ¹Î\Desktop\IFX_S2GL-HW-SW_V1.1.3\Firmware_Software\DAVE project\S2GL_Doppler\Libraries\S2GL_Lib\bin\libS2GL_Lib.a(s2gl_library.o)
 .bss.g_timer   0x20000cb8        0x4 C:\Users\±è°æ¹Î\Desktop\IFX_S2GL-HW-SW_V1.1.3\Firmware_Software\DAVE project\S2GL_Doppler\Libraries\S2GL_Lib\bin\libS2GL_Lib.a(s2gl_library.o)
 .bss.gate_RTC_ISR
                0x20000cbc        0x1 C:\Users\±è°æ¹Î\Desktop\IFX_S2GL-HW-SW_V1.1.3\Firmware_Software\DAVE project\S2GL_Doppler\Libraries\S2GL_Lib\bin\libS2GL_Lib.a(s2gl_library.o)
                0x20000cbc                gate_RTC_ISR
 .bss.g_apply100HzFilter
                0x20000cbd        0x1 C:\Users\±è°æ¹Î\Desktop\IFX_S2GL-HW-SW_V1.1.3\Firmware_Software\DAVE project\S2GL_Doppler\Libraries\S2GL_Lib\bin\libS2GL_Lib.a(s2gl_library.o)
 *fill*         0x20000cbe        0x2 
 .bss.g_result_cb
                0x20000cc0        0x4 C:\Users\±è°æ¹Î\Desktop\IFX_S2GL-HW-SW_V1.1.3\Firmware_Software\DAVE project\S2GL_Doppler\Libraries\S2GL_Lib\bin\libS2GL_Lib.a(s2gl_library.o)
 .bss.g_t_cycle_ms
                0x20000cc4        0x4 C:\Users\±è°æ¹Î\Desktop\IFX_S2GL-HW-SW_V1.1.3\Firmware_Software\DAVE project\S2GL_Doppler\Libraries\S2GL_Lib\bin\libS2GL_Lib.a(s2gl_library.o)
 .bss.samples_sum_I.8646
                0x20000cc8        0x4 C:\Users\±è°æ¹Î\Desktop\IFX_S2GL-HW-SW_V1.1.3\Firmware_Software\DAVE project\S2GL_Doppler\Libraries\S2GL_Lib\bin\libS2GL_Lib.a(s2gl_library.o)
 .bss.samples_sum_Q.8647
                0x20000ccc        0x4 C:\Users\±è°æ¹Î\Desktop\IFX_S2GL-HW-SW_V1.1.3\Firmware_Software\DAVE project\S2GL_Doppler\Libraries\S2GL_Lib\bin\libS2GL_Lib.a(s2gl_library.o)
 .bss.max.8648  0x20000cd0        0x8 C:\Users\±è°æ¹Î\Desktop\IFX_S2GL-HW-SW_V1.1.3\Firmware_Software\DAVE project\S2GL_Doppler\Libraries\S2GL_Lib\bin\libS2GL_Lib.a(s2gl_library.o)
 .bss.g_samples_count
                0x20000cd8        0x4 C:\Users\±è°æ¹Î\Desktop\IFX_S2GL-HW-SW_V1.1.3\Firmware_Software\DAVE project\S2GL_Doppler\Libraries\S2GL_Lib\bin\libS2GL_Lib.a(s2gl_library.o)
 .bss.g_rootcalc_enable
                0x20000cdc        0x1 C:\Users\±è°æ¹Î\Desktop\IFX_S2GL-HW-SW_V1.1.3\Firmware_Software\DAVE project\S2GL_Doppler\Libraries\S2GL_Lib\bin\libS2GL_Lib.a(s2gl_library.o)
 *fill*         0x20000cdd        0x3 
 .bss.g_trigger_det_level
                0x20000ce0        0x4 C:\Users\±è°æ¹Î\Desktop\IFX_S2GL-HW-SW_V1.1.3\Firmware_Software\DAVE project\S2GL_Doppler\Libraries\S2GL_Lib\bin\libS2GL_Lib.a(s2gl_library.o)
 .bss.__malloc_sbrk_start
                0x20000ce4        0x4 c:/infineon/tools/dave ide/4.5.0.202105191637/eclipse/arm-gcc-49/bin/../lib/gcc/arm-none-eabi/4.9.3/../../../../arm-none-eabi/lib/armv6-m\libg_nano.a(lib_a-nano-mallocr.o)
                0x20000ce4                __malloc_sbrk_start
 .bss.__malloc_free_list
                0x20000ce8        0x4 c:/infineon/tools/dave ide/4.5.0.202105191637/eclipse/arm-gcc-49/bin/../lib/gcc/arm-none-eabi/4.9.3/../../../../arm-none-eabi/lib/armv6-m\libg_nano.a(lib_a-nano-mallocr.o)
                0x20000ce8                __malloc_free_list
 *(COMMON)
 COMMON         0x20000cec     0x1400 C:\Users\±è°æ¹Î\Desktop\IFX_S2GL-HW-SW_V1.1.3\Firmware_Software\DAVE project\S2GL_Doppler\Libraries\S2GL_Lib\bin\libS2GL_Lib.a(s2gl_library.o)
                0x20000cec                imag_IQ
                0x20000eec                real_I
                0x200010ec                iq_mag
                0x200014ec                real_acq_I
                0x200016ec                imag_I
                0x200018ec                real_acq_Q
                0x20001aec                fft_mag
                0x20001cec                real_Q
                0x20001eec                real_IQ
 COMMON         0x200020ec        0x4 c:/infineon/tools/dave ide/4.5.0.202105191637/eclipse/arm-gcc-49/bin/../lib/gcc/arm-none-eabi/4.9.3/../../../../arm-none-eabi/lib/armv6-m\libg_nano.a(lib_a-reent.o)
                0x200020ec                errno
 *(.gnu.linkonce.b*)
                0x200020f0                . = ALIGN (0x4)
                0x200020f0                __bss_end = .
                0x200020f0                . = ALIGN (0x8)
                0x200020f0                Heap_Bank1_Start = .
                0x0000181c                __bss_size = (__bss_end - __bss_start)

.no_init        0x20003ffc        0x4 load address 0x10008274
                0x20003ffc                Heap_Bank1_End = .
 *(.no_init)
 .no_init       0x20003ffc        0x4 ./Startup/system_XMC1300.o
                0x20003ffc                SystemCoreClock
                0x00001f0c                Heap_Bank1_Size = (Heap_Bank1_End - Heap_Bank1_Start)
                0x00000001                ASSERT ((Heap_Bank1_Start <= Heap_Bank1_End), region SRAM overflowed no_init section)

/DISCARD/
 *(.comment)

.stab
 *(.stab)

.stabstr
 *(.stabstr)

.debug
 *(.debug)

.line
 *(.line)

.debug_srcinfo
 *(.debug_srcinfo)

.debug_sfnames
 *(.debug_sfnames)

.debug_aranges  0x00000000      0xca8
 *(.debug_aranges)
 .debug_aranges
                0x00000000       0x28 ./Startup/startup_XMC1300.o
 .debug_aranges
                0x00000028       0x38 ./Startup/system_XMC1300.o
 .debug_aranges
                0x00000060       0x28 ./Libraries/XMCLib/src/xmc1_gpio.o
 .debug_aranges
                0x00000088       0x58 ./Libraries/XMCLib/src/xmc1_rtc.o
 .debug_aranges
                0x000000e0      0x110 ./Libraries/XMCLib/src/xmc1_scu.o
 .debug_aranges
                0x000001f0      0x108 ./Libraries/XMCLib/src/xmc_ccu4.o
 .debug_aranges
                0x000002f8       0x28 ./Libraries/XMCLib/src/xmc_gpio.o
 .debug_aranges
                0x00000320       0xf0 ./Libraries/XMCLib/src/xmc_math.o
 .debug_aranges
                0x00000410       0x68 ./Libraries/XMCLib/src/xmc_rtc.o
 .debug_aranges
                0x00000478       0x50 ./Libraries/XMCLib/src/xmc_uart.o
 .debug_aranges
                0x000004c8       0x80 ./Libraries/XMCLib/src/xmc_usic.o
 .debug_aranges
                0x00000548      0x290 ./Libraries/XMCLib/src/xmc_vadc.o
 .debug_aranges
                0x000007d8       0x28 ./Libraries/Newlib/syscalls.o
 .debug_aranges
                0x00000800       0x80 ./HostCommunication/src/HostCommUART.o
 .debug_aranges
                0x00000880       0x70 ./Dave/Generated/UART/uart.o
 .debug_aranges
                0x000008f0       0x30 ./Dave/Generated/UART/uart_conf.o
 .debug_aranges
                0x00000920       0x78 ./Dave/Generated/TIMER/timer.o
 .debug_aranges
                0x00000998       0x18 ./Dave/Generated/TIMER/timer_conf.o
 .debug_aranges
                0x000009b0       0x70 ./Dave/Generated/RTC/rtc.o
 .debug_aranges
                0x00000a20       0x18 ./Dave/Generated/RTC/rtc_conf.o
 .debug_aranges
                0x00000a38       0x28 ./Dave/Generated/INTERRUPT/interrupt.o
 .debug_aranges
                0x00000a60       0x18 ./Dave/Generated/INTERRUPT/interrupt_conf.o
 .debug_aranges
                0x00000a78       0x48 ./Dave/Generated/GLOBAL_SCU_XMC1/global_scu_xmc1.o
 .debug_aranges
                0x00000ac0       0x18 ./Dave/Generated/GLOBAL_SCU_XMC1/global_scu_xmc1_conf.o
 .debug_aranges
                0x00000ad8       0x28 ./Dave/Generated/GLOBAL_CCU4/global_ccu4.o
 .debug_aranges
                0x00000b00       0x18 ./Dave/Generated/GLOBAL_CCU4/global_ccu4_conf.o
 .debug_aranges
                0x00000b18       0x28 ./Dave/Generated/GLOBAL_ADC/global_adc.o
 .debug_aranges
                0x00000b40       0x18 ./Dave/Generated/GLOBAL_ADC/global_adc_conf.o
 .debug_aranges
                0x00000b58       0x28 ./Dave/Generated/DIGITAL_IO/digital_io.o
 .debug_aranges
                0x00000b80       0x18 ./Dave/Generated/DIGITAL_IO/digital_io_conf.o
 .debug_aranges
                0x00000b98       0x20 ./Dave/Generated/CPU_CTRL_XMC1/cpu_ctrl_xmc1_conf.o
 .debug_aranges
                0x00000bb8       0x30 ./Dave/Generated/CLOCK_XMC1/clock_xmc1.o
 .debug_aranges
                0x00000be8       0x20 ./Dave/Generated/CLOCK_XMC1/clock_xmc1_conf.o
 .debug_aranges
                0x00000c08       0x40 ./Dave/Generated/ADC_MEASUREMENT/adc_measurement.o
 .debug_aranges
                0x00000c48       0x18 ./Dave/Generated/ADC_MEASUREMENT/adc_measurement_conf.o
 .debug_aranges
                0x00000c60       0x20 ./Dave/Generated/DAVE.o
 .debug_aranges
                0x00000c80       0x28 ./main.o

.debug_pubnames
 *(.debug_pubnames)

.debug_pubtypes
 *(.debug_pubtypes)

.debug_info     0x00000000    0x1cc68
 *(.debug_info .gnu.linkonce.wi.*)
 .debug_info    0x00000000       0xa1 ./Startup/startup_XMC1300.o
 .debug_info    0x000000a1      0x377 ./Startup/system_XMC1300.o
 .debug_info    0x00000418      0x416 ./Libraries/XMCLib/src/xmc1_gpio.o
 .debug_info    0x0000082e      0x7cb ./Libraries/XMCLib/src/xmc1_rtc.o
 .debug_info    0x00000ff9      0xf05 ./Libraries/XMCLib/src/xmc1_scu.o
 .debug_info    0x00001efe     0x150a ./Libraries/XMCLib/src/xmc_ccu4.o
 .debug_info    0x00003408      0x3a7 ./Libraries/XMCLib/src/xmc_gpio.o
 .debug_info    0x000037af      0x98f ./Libraries/XMCLib/src/xmc_math.o
 .debug_info    0x0000413e      0x730 ./Libraries/XMCLib/src/xmc_rtc.o
 .debug_info    0x0000486e      0x91f ./Libraries/XMCLib/src/xmc_uart.o
 .debug_info    0x0000518d      0xb62 ./Libraries/XMCLib/src/xmc_usic.o
 .debug_info    0x00005cef     0x3b22 ./Libraries/XMCLib/src/xmc_vadc.o
 .debug_info    0x00009811      0x13d ./Libraries/Newlib/syscalls.o
 .debug_info    0x0000994e     0x1525 ./HostCommunication/src/HostCommUART.o
 .debug_info    0x0000ae73     0x19a9 ./Dave/Generated/UART/uart.o
 .debug_info    0x0000c81c     0x131b ./Dave/Generated/UART/uart_conf.o
 .debug_info    0x0000db37     0x1160 ./Dave/Generated/TIMER/timer.o
 .debug_info    0x0000ec97      0x7f3 ./Dave/Generated/TIMER/timer_conf.o
 .debug_info    0x0000f48a      0xce9 ./Dave/Generated/RTC/rtc.o
 .debug_info    0x00010173      0x524 ./Dave/Generated/RTC/rtc_conf.o
 .debug_info    0x00010697      0x551 ./Dave/Generated/INTERRUPT/interrupt.o
 .debug_info    0x00010be8      0x1dd ./Dave/Generated/INTERRUPT/interrupt_conf.o
 .debug_info    0x00010dc5      0x77e ./Dave/Generated/GLOBAL_SCU_XMC1/global_scu_xmc1.o
 .debug_info    0x00011543      0x169 ./Dave/Generated/GLOBAL_SCU_XMC1/global_scu_xmc1_conf.o
 .debug_info    0x000116ac      0x37e ./Dave/Generated/GLOBAL_CCU4/global_ccu4.o
 .debug_info    0x00011a2a      0x246 ./Dave/Generated/GLOBAL_CCU4/global_ccu4_conf.o
 .debug_info    0x00011c70     0x1302 ./Dave/Generated/GLOBAL_ADC/global_adc.o
 .debug_info    0x00012f72     0x11a6 ./Dave/Generated/GLOBAL_ADC/global_adc_conf.o
 .debug_info    0x00014118      0x531 ./Dave/Generated/DIGITAL_IO/digital_io.o
 .debug_info    0x00014649      0x436 ./Dave/Generated/DIGITAL_IO/digital_io_conf.o
 .debug_info    0x00014a7f       0xd2 ./Dave/Generated/CPU_CTRL_XMC1/cpu_ctrl_xmc1_conf.o
 .debug_info    0x00014b51      0x23c ./Dave/Generated/CLOCK_XMC1/clock_xmc1.o
 .debug_info    0x00014d8d      0x20e ./Dave/Generated/CLOCK_XMC1/clock_xmc1_conf.o
 .debug_info    0x00014f9b     0x1eef ./Dave/Generated/ADC_MEASUREMENT/adc_measurement.o
 .debug_info    0x00016e8a     0x1ac2 ./Dave/Generated/ADC_MEASUREMENT/adc_measurement_conf.o
 .debug_info    0x0001894c     0x2f56 ./Dave/Generated/DAVE.o
 .debug_info    0x0001b8a2     0x13c6 ./main.o

.debug_abbrev   0x00000000     0x45e2
 *(.debug_abbrev)
 .debug_abbrev  0x00000000       0x12 ./Startup/startup_XMC1300.o
 .debug_abbrev  0x00000012      0x108 ./Startup/system_XMC1300.o
 .debug_abbrev  0x0000011a       0xdf ./Libraries/XMCLib/src/xmc1_gpio.o
 .debug_abbrev  0x000001f9      0x291 ./Libraries/XMCLib/src/xmc1_rtc.o
 .debug_abbrev  0x0000048a      0x3c4 ./Libraries/XMCLib/src/xmc1_scu.o
 .debug_abbrev  0x0000084e      0x2f3 ./Libraries/XMCLib/src/xmc_ccu4.o
 .debug_abbrev  0x00000b41       0xee ./Libraries/XMCLib/src/xmc_gpio.o
 .debug_abbrev  0x00000c2f      0x1d6 ./Libraries/XMCLib/src/xmc_math.o
 .debug_abbrev  0x00000e05      0x1bf ./Libraries/XMCLib/src/xmc_rtc.o
 .debug_abbrev  0x00000fc4      0x295 ./Libraries/XMCLib/src/xmc_uart.o
 .debug_abbrev  0x00001259      0x2c3 ./Libraries/XMCLib/src/xmc_usic.o
 .debug_abbrev  0x0000151c      0x3fe ./Libraries/XMCLib/src/xmc_vadc.o
 .debug_abbrev  0x0000191a       0xea ./Libraries/Newlib/syscalls.o
 .debug_abbrev  0x00001a04      0x2ed ./HostCommunication/src/HostCommUART.o
 .debug_abbrev  0x00001cf1      0x3be ./Dave/Generated/UART/uart.o
 .debug_abbrev  0x000020af      0x27f ./Dave/Generated/UART/uart_conf.o
 .debug_abbrev  0x0000232e      0x3dc ./Dave/Generated/TIMER/timer.o
 .debug_abbrev  0x0000270a      0x149 ./Dave/Generated/TIMER/timer_conf.o
 .debug_abbrev  0x00002853      0x367 ./Dave/Generated/RTC/rtc.o
 .debug_abbrev  0x00002bba      0x119 ./Dave/Generated/RTC/rtc_conf.o
 .debug_abbrev  0x00002cd3      0x1a3 ./Dave/Generated/INTERRUPT/interrupt.o
 .debug_abbrev  0x00002e76       0x7f ./Dave/Generated/INTERRUPT/interrupt_conf.o
 .debug_abbrev  0x00002ef5      0x20c ./Dave/Generated/GLOBAL_SCU_XMC1/global_scu_xmc1.o
 .debug_abbrev  0x00003101       0x95 ./Dave/Generated/GLOBAL_SCU_XMC1/global_scu_xmc1_conf.o
 .debug_abbrev  0x00003196      0x176 ./Dave/Generated/GLOBAL_CCU4/global_ccu4.o
 .debug_abbrev  0x0000330c       0xdd ./Dave/Generated/GLOBAL_CCU4/global_ccu4_conf.o
 .debug_abbrev  0x000033e9      0x228 ./Dave/Generated/GLOBAL_ADC/global_adc.o
 .debug_abbrev  0x00003611      0x163 ./Dave/Generated/GLOBAL_ADC/global_adc_conf.o
 .debug_abbrev  0x00003774      0x130 ./Dave/Generated/DIGITAL_IO/digital_io.o
 .debug_abbrev  0x000038a4       0xb2 ./Dave/Generated/DIGITAL_IO/digital_io_conf.o
 .debug_abbrev  0x00003956       0x80 ./Dave/Generated/CPU_CTRL_XMC1/cpu_ctrl_xmc1_conf.o
 .debug_abbrev  0x000039d6      0x137 ./Dave/Generated/CLOCK_XMC1/clock_xmc1.o
 .debug_abbrev  0x00003b0d      0x126 ./Dave/Generated/CLOCK_XMC1/clock_xmc1_conf.o
 .debug_abbrev  0x00003c33      0x2f9 ./Dave/Generated/ADC_MEASUREMENT/adc_measurement.o
 .debug_abbrev  0x00003f2c      0x16a ./Dave/Generated/ADC_MEASUREMENT/adc_measurement_conf.o
 .debug_abbrev  0x00004096      0x236 ./Dave/Generated/DAVE.o
 .debug_abbrev  0x000042cc      0x316 ./main.o

.debug_line     0x00000000     0x8962
 *(.debug_line)
 .debug_line    0x00000000      0x102 ./Startup/startup_XMC1300.o
 .debug_line    0x00000102      0x20f ./Startup/system_XMC1300.o
 .debug_line    0x00000311      0x1ea ./Libraries/XMCLib/src/xmc1_gpio.o
 .debug_line    0x000004fb      0x369 ./Libraries/XMCLib/src/xmc1_rtc.o
 .debug_line    0x00000864      0x63e ./Libraries/XMCLib/src/xmc1_scu.o
 .debug_line    0x00000ea2      0x5eb ./Libraries/XMCLib/src/xmc_ccu4.o
 .debug_line    0x0000148d      0x1d7 ./Libraries/XMCLib/src/xmc_gpio.o
 .debug_line    0x00001664      0x51e ./Libraries/XMCLib/src/xmc_math.o
 .debug_line    0x00001b82      0x3ba ./Libraries/XMCLib/src/xmc_rtc.o
 .debug_line    0x00001f3c      0x341 ./Libraries/XMCLib/src/xmc_uart.o
 .debug_line    0x0000227d      0x40b ./Libraries/XMCLib/src/xmc_usic.o
 .debug_line    0x00002688      0xd4b ./Libraries/XMCLib/src/xmc_vadc.o
 .debug_line    0x000033d3       0xe0 ./Libraries/Newlib/syscalls.o
 .debug_line    0x000034b3      0x515 ./HostCommunication/src/HostCommUART.o
 .debug_line    0x000039c8      0x5dd ./Dave/Generated/UART/uart.o
 .debug_line    0x00003fa5      0x3a0 ./Dave/Generated/UART/uart_conf.o
 .debug_line    0x00004345      0x605 ./Dave/Generated/TIMER/timer.o
 .debug_line    0x0000494a      0x2fa ./Dave/Generated/TIMER/timer_conf.o
 .debug_line    0x00004c44      0x5fc ./Dave/Generated/RTC/rtc.o
 .debug_line    0x00005240      0x2d5 ./Dave/Generated/RTC/rtc_conf.o
 .debug_line    0x00005515      0x30b ./Dave/Generated/INTERRUPT/interrupt.o
 .debug_line    0x00005820      0x1c9 ./Dave/Generated/INTERRUPT/interrupt_conf.o
 .debug_line    0x000059e9      0x450 ./Dave/Generated/GLOBAL_SCU_XMC1/global_scu_xmc1.o
 .debug_line    0x00005e39      0x1e2 ./Dave/Generated/GLOBAL_SCU_XMC1/global_scu_xmc1_conf.o
 .debug_line    0x0000601b      0x323 ./Dave/Generated/GLOBAL_CCU4/global_ccu4.o
 .debug_line    0x0000633e      0x26e ./Dave/Generated/GLOBAL_CCU4/global_ccu4_conf.o
 .debug_line    0x000065ac      0x348 ./Dave/Generated/GLOBAL_ADC/global_adc.o
 .debug_line    0x000068f4      0x25d ./Dave/Generated/GLOBAL_ADC/global_adc_conf.o
 .debug_line    0x00006b51      0x25f ./Dave/Generated/DIGITAL_IO/digital_io.o
 .debug_line    0x00006db0      0x1c1 ./Dave/Generated/DIGITAL_IO/digital_io_conf.o
 .debug_line    0x00006f71       0x78 ./Dave/Generated/CPU_CTRL_XMC1/cpu_ctrl_xmc1_conf.o
 .debug_line    0x00006fe9      0x301 ./Dave/Generated/CLOCK_XMC1/clock_xmc1.o
 .debug_line    0x000072ea      0x272 ./Dave/Generated/CLOCK_XMC1/clock_xmc1_conf.o
 .debug_line    0x0000755c      0x59d ./Dave/Generated/ADC_MEASUREMENT/adc_measurement.o
 .debug_line    0x00007af9      0x307 ./Dave/Generated/ADC_MEASUREMENT/adc_measurement_conf.o
 .debug_line    0x00007e00      0x51c ./Dave/Generated/DAVE.o
 .debug_line    0x0000831c      0x646 ./main.o

.debug_frame    0x00000000     0x2294
 *(.debug_frame)
 .debug_frame   0x00000000       0x74 ./Startup/system_XMC1300.o
 .debug_frame   0x00000074       0x54 ./Libraries/XMCLib/src/xmc1_gpio.o
 .debug_frame   0x000000c8       0xc0 ./Libraries/XMCLib/src/xmc1_rtc.o
 .debug_frame   0x00000188      0x294 ./Libraries/XMCLib/src/xmc1_scu.o
 .debug_frame   0x0000041c      0x2a4 ./Libraries/XMCLib/src/xmc_ccu4.o
 .debug_frame   0x000006c0       0x48 ./Libraries/XMCLib/src/xmc_gpio.o
 .debug_frame   0x00000708      0x1d8 ./Libraries/XMCLib/src/xmc_math.o
 .debug_frame   0x000008e0       0xb8 ./Libraries/XMCLib/src/xmc_rtc.o
 .debug_frame   0x00000998       0xa0 ./Libraries/XMCLib/src/xmc_uart.o
 .debug_frame   0x00000a38      0x190 ./Libraries/XMCLib/src/xmc_usic.o
 .debug_frame   0x00000bc8      0x7b8 ./Libraries/XMCLib/src/xmc_vadc.o
 .debug_frame   0x00001380       0x3c ./Libraries/Newlib/syscalls.o
 .debug_frame   0x000013bc      0x1e0 ./HostCommunication/src/HostCommUART.o
 .debug_frame   0x0000159c      0x164 ./Dave/Generated/UART/uart.o
 .debug_frame   0x00001700       0x68 ./Dave/Generated/UART/uart_conf.o
 .debug_frame   0x00001768      0x114 ./Dave/Generated/TIMER/timer.o
 .debug_frame   0x0000187c      0x174 ./Dave/Generated/RTC/rtc.o
 .debug_frame   0x000019f0       0x48 ./Dave/Generated/INTERRUPT/interrupt.o
 .debug_frame   0x00001a38       0xbc ./Dave/Generated/GLOBAL_SCU_XMC1/global_scu_xmc1.o
 .debug_frame   0x00001af4       0x40 ./Dave/Generated/GLOBAL_CCU4/global_ccu4.o
 .debug_frame   0x00001b34       0x54 ./Dave/Generated/GLOBAL_ADC/global_adc.o
 .debug_frame   0x00001b88       0x40 ./Dave/Generated/DIGITAL_IO/digital_io.o
 .debug_frame   0x00001bc8       0x20 ./Dave/Generated/CPU_CTRL_XMC1/cpu_ctrl_xmc1_conf.o
 .debug_frame   0x00001be8       0x50 ./Dave/Generated/CLOCK_XMC1/clock_xmc1.o
 .debug_frame   0x00001c38       0x30 ./Dave/Generated/CLOCK_XMC1/clock_xmc1_conf.o
 .debug_frame   0x00001c68       0x84 ./Dave/Generated/ADC_MEASUREMENT/adc_measurement.o
 .debug_frame   0x00001cec       0x2c ./Dave/Generated/DAVE.o
 .debug_frame   0x00001d18       0x64 ./main.o
 .debug_frame   0x00001d7c       0x34 c:/infineon/tools/dave ide/4.5.0.202105191637/eclipse/arm-gcc-49/bin/../lib/gcc/arm-none-eabi/4.9.3/armv6-m\libgcc.a(_muldi3.o)
 .debug_frame   0x00001db0       0x50 c:/infineon/tools/dave ide/4.5.0.202105191637/eclipse/arm-gcc-49/bin/../lib/gcc/arm-none-eabi/4.9.3/armv6-m\libgcc.a(bpabi.o)
 .debug_frame   0x00001e00       0x3c c:/infineon/tools/dave ide/4.5.0.202105191637/eclipse/arm-gcc-49/bin/../lib/gcc/arm-none-eabi/4.9.3/armv6-m\libgcc.a(divsf3.o)
 .debug_frame   0x00001e3c       0x2c c:/infineon/tools/dave ide/4.5.0.202105191637/eclipse/arm-gcc-49/bin/../lib/gcc/arm-none-eabi/4.9.3/armv6-m\libgcc.a(eqsf2.o)
 .debug_frame   0x00001e68       0x30 c:/infineon/tools/dave ide/4.5.0.202105191637/eclipse/arm-gcc-49/bin/../lib/gcc/arm-none-eabi/4.9.3/armv6-m\libgcc.a(gesf2.o)
 .debug_frame   0x00001e98       0x30 c:/infineon/tools/dave ide/4.5.0.202105191637/eclipse/arm-gcc-49/bin/../lib/gcc/arm-none-eabi/4.9.3/armv6-m\libgcc.a(lesf2.o)
 .debug_frame   0x00001ec8       0x3c c:/infineon/tools/dave ide/4.5.0.202105191637/eclipse/arm-gcc-49/bin/../lib/gcc/arm-none-eabi/4.9.3/armv6-m\libgcc.a(mulsf3.o)
 .debug_frame   0x00001f04       0x28 c:/infineon/tools/dave ide/4.5.0.202105191637/eclipse/arm-gcc-49/bin/../lib/gcc/arm-none-eabi/4.9.3/armv6-m\libgcc.a(floatunsisf.o)
 .debug_frame   0x00001f2c       0x3c c:/infineon/tools/dave ide/4.5.0.202105191637/eclipse/arm-gcc-49/bin/../lib/gcc/arm-none-eabi/4.9.3/armv6-m\libgcc.a(_divdi3.o)
 .debug_frame   0x00001f68       0x3c c:/infineon/tools/dave ide/4.5.0.202105191637/eclipse/arm-gcc-49/bin/../lib/gcc/arm-none-eabi/4.9.3/armv6-m\libgcc.a(_udivdi3.o)
 .debug_frame   0x00001fa4       0x20 c:/infineon/tools/dave ide/4.5.0.202105191637/eclipse/arm-gcc-49/bin/../lib/gcc/arm-none-eabi/4.9.3/../../../../arm-none-eabi/lib/armv6-m\libg_nano.a(lib_a-errno.o)
 .debug_frame   0x00001fc4       0x2c c:/infineon/tools/dave ide/4.5.0.202105191637/eclipse/arm-gcc-49/bin/../lib/gcc/arm-none-eabi/4.9.3/../../../../arm-none-eabi/lib/armv6-m\libg_nano.a(lib_a-init.o)
 .debug_frame   0x00001ff0       0x28 c:/infineon/tools/dave ide/4.5.0.202105191637/eclipse/arm-gcc-49/bin/../lib/gcc/arm-none-eabi/4.9.3/../../../../arm-none-eabi/lib/armv6-m\libg_nano.a(lib_a-memcpy.o)
 .debug_frame   0x00002018       0x50 c:/infineon/tools/dave ide/4.5.0.202105191637/eclipse/arm-gcc-49/bin/../lib/gcc/arm-none-eabi/4.9.3/../../../../arm-none-eabi/lib/armv6-m\libg_nano.a(lib_a-sprintf.o)
 .debug_frame   0x00002068       0x74 c:/infineon/tools/dave ide/4.5.0.202105191637/eclipse/arm-gcc-49/bin/../lib/gcc/arm-none-eabi/4.9.3/../../../../arm-none-eabi/lib/armv6-m\libg_nano.a(lib_a-nano-svfprintf.o)
 .debug_frame   0x000020dc       0x54 c:/infineon/tools/dave ide/4.5.0.202105191637/eclipse/arm-gcc-49/bin/../lib/gcc/arm-none-eabi/4.9.3/../../../../arm-none-eabi/lib/armv6-m\libg_nano.a(lib_a-nano-vfprintf_i.o)
 .debug_frame   0x00002130       0x20 c:/infineon/tools/dave ide/4.5.0.202105191637/eclipse/arm-gcc-49/bin/../lib/gcc/arm-none-eabi/4.9.3/../../../../arm-none-eabi/lib/armv6-m\libg_nano.a(lib_a-memchr.o)
 .debug_frame   0x00002150       0x28 c:/infineon/tools/dave ide/4.5.0.202105191637/eclipse/arm-gcc-49/bin/../lib/gcc/arm-none-eabi/4.9.3/../../../../arm-none-eabi/lib/armv6-m\libg_nano.a(lib_a-memmove.o)
 .debug_frame   0x00002178       0x2c c:/infineon/tools/dave ide/4.5.0.202105191637/eclipse/arm-gcc-49/bin/../lib/gcc/arm-none-eabi/4.9.3/../../../../arm-none-eabi/lib/armv6-m\libg_nano.a(lib_a-nano-freer.o)
 .debug_frame   0x000021a4       0x2c c:/infineon/tools/dave ide/4.5.0.202105191637/eclipse/arm-gcc-49/bin/../lib/gcc/arm-none-eabi/4.9.3/../../../../arm-none-eabi/lib/armv6-m\libg_nano.a(lib_a-nano-mallocr.o)
 .debug_frame   0x000021d0       0x30 c:/infineon/tools/dave ide/4.5.0.202105191637/eclipse/arm-gcc-49/bin/../lib/gcc/arm-none-eabi/4.9.3/../../../../arm-none-eabi/lib/armv6-m\libg_nano.a(lib_a-nano-reallocr.o)
 .debug_frame   0x00002200       0x2c c:/infineon/tools/dave ide/4.5.0.202105191637/eclipse/arm-gcc-49/bin/../lib/gcc/arm-none-eabi/4.9.3/../../../../arm-none-eabi/lib/armv6-m\libg_nano.a(lib_a-sbrkr.o)
 .debug_frame   0x0000222c       0x20 c:/infineon/tools/dave ide/4.5.0.202105191637/eclipse/arm-gcc-49/bin/../lib/gcc/arm-none-eabi/4.9.3/../../../../arm-none-eabi/lib/armv6-m\libg_nano.a(lib_a-nano-msizer.o)
 .debug_frame   0x0000224c       0x48 c:/infineon/tools/dave ide/4.5.0.202105191637/eclipse/arm-gcc-49/bin/../lib/gcc/arm-none-eabi/4.9.3/../../../../arm-none-eabi/lib/armv6-m\libg_nano.a(lib_a-reent.o)

.debug_str      0x00000000     0xa1b3
 *(.debug_str)
 .debug_str     0x00000000      0x2c2 ./Startup/system_XMC1300.o
                                0x31c (size before relaxing)
 .debug_str     0x000002c2      0x5d0 ./Libraries/XMCLib/src/xmc1_gpio.o
                                0x7d6 (size before relaxing)
 .debug_str     0x00000892      0x42e ./Libraries/XMCLib/src/xmc1_rtc.o
                                0x6bd (size before relaxing)
 .debug_str     0x00000cc0      0x7a1 ./Libraries/XMCLib/src/xmc1_scu.o
                                0xc4e (size before relaxing)
 .debug_str     0x00001461     0x12ce ./Libraries/XMCLib/src/xmc_ccu4.o
                               0x16ae (size before relaxing)
 .debug_str     0x0000272f       0xca ./Libraries/XMCLib/src/xmc_gpio.o
                                0x724 (size before relaxing)
 .debug_str     0x000027f9      0x6ab ./Libraries/XMCLib/src/xmc_math.o
                                0x8dc (size before relaxing)
 .debug_str     0x00002ea4      0x120 ./Libraries/XMCLib/src/xmc_rtc.o
                                0x48a (size before relaxing)
 .debug_str     0x00002fc4      0x89d ./Libraries/XMCLib/src/xmc_uart.o
                                0xb1c (size before relaxing)
 .debug_str     0x00003861      0x920 ./Libraries/XMCLib/src/xmc_usic.o
                                0xebc (size before relaxing)
 .debug_str     0x00004181     0x285f ./Libraries/XMCLib/src/xmc_vadc.o
                               0x2cdc (size before relaxing)
 .debug_str     0x000069e0       0x77 ./Libraries/Newlib/syscalls.o
                                0x223 (size before relaxing)
 .debug_str     0x00006a57      0x63e ./HostCommunication/src/HostCommUART.o
                               0x11a3 (size before relaxing)
 .debug_str     0x00007095      0x8c0 ./Dave/Generated/UART/uart.o
                               0x1dac (size before relaxing)
 .debug_str     0x00007955      0x322 ./Dave/Generated/UART/uart_conf.o
                               0x16bb (size before relaxing)
 .debug_str     0x00007c77      0x540 ./Dave/Generated/TIMER/timer.o
                                0xc61 (size before relaxing)
 .debug_str     0x000081b7      0x29a ./Dave/Generated/TIMER/timer_conf.o
                                0xae0 (size before relaxing)
 .debug_str     0x00008451      0x616 ./Dave/Generated/RTC/rtc.o
                                0xb32 (size before relaxing)
 .debug_str     0x00008a67      0x211 ./Dave/Generated/RTC/rtc_conf.o
                                0x79f (size before relaxing)
 .debug_str     0x00008c78       0xc2 ./Dave/Generated/INTERRUPT/interrupt.o
                                0x591 (size before relaxing)
 .debug_str     0x00008d3a       0x39 ./Dave/Generated/INTERRUPT/interrupt_conf.o
                                0x40a (size before relaxing)
 .debug_str     0x00008d73       0x85 ./Dave/Generated/GLOBAL_SCU_XMC1/global_scu_xmc1.o
                                0x781 (size before relaxing)
 .debug_str     0x00008df8       0x52 ./Dave/Generated/GLOBAL_SCU_XMC1/global_scu_xmc1_conf.o
                                0x2c3 (size before relaxing)
 .debug_str     0x00008e4a       0x46 ./Dave/Generated/GLOBAL_CCU4/global_ccu4.o
                                0x4ec (size before relaxing)
 .debug_str     0x00008e90       0x31 ./Dave/Generated/GLOBAL_CCU4/global_ccu4_conf.o
                                0x3f2 (size before relaxing)
 .debug_str     0x00008ec1      0x1c1 ./Dave/Generated/GLOBAL_ADC/global_adc.o
                                0xbbe (size before relaxing)
 .debug_str     0x00009082      0x1d9 ./Dave/Generated/GLOBAL_ADC/global_adc_conf.o
                                0xb72 (size before relaxing)
 .debug_str     0x0000925b       0xdf ./Dave/Generated/DIGITAL_IO/digital_io.o
                                0x93a (size before relaxing)
 .debug_str     0x0000933a       0x51 ./Dave/Generated/DIGITAL_IO/digital_io_conf.o
                                0x873 (size before relaxing)
 .debug_str     0x0000938b       0x63 ./Dave/Generated/CPU_CTRL_XMC1/cpu_ctrl_xmc1_conf.o
                                0x22b (size before relaxing)
 .debug_str     0x000093ee      0x144 ./Dave/Generated/CLOCK_XMC1/clock_xmc1.o
                                0x39a (size before relaxing)
 .debug_str     0x00009532       0x50 ./Dave/Generated/CLOCK_XMC1/clock_xmc1_conf.o
                                0x407 (size before relaxing)
 .debug_str     0x00009582      0x3da ./Dave/Generated/ADC_MEASUREMENT/adc_measurement.o
                               0x1584 (size before relaxing)
 .debug_str     0x0000995c      0x312 ./Dave/Generated/ADC_MEASUREMENT/adc_measurement_conf.o
                               0x1955 (size before relaxing)
 .debug_str     0x00009c6e       0x85 ./Dave/Generated/DAVE.o
                               0x29cf (size before relaxing)
 .debug_str     0x00009cf3      0x4c0 ./main.o
                               0x14ab (size before relaxing)

.debug_loc      0x00000000     0x82c5
 *(.debug_loc)
 .debug_loc     0x00000000       0x60 ./Startup/system_XMC1300.o
 .debug_loc     0x00000060      0x133 ./Libraries/XMCLib/src/xmc1_gpio.o
 .debug_loc     0x00000193      0x111 ./Libraries/XMCLib/src/xmc1_rtc.o
 .debug_loc     0x000002a4      0x6fb ./Libraries/XMCLib/src/xmc1_scu.o
 .debug_loc     0x0000099f      0xbd0 ./Libraries/XMCLib/src/xmc_ccu4.o
 .debug_loc     0x0000156f       0xe5 ./Libraries/XMCLib/src/xmc_gpio.o
 .debug_loc     0x00001654      0x452 ./Libraries/XMCLib/src/xmc_math.o
 .debug_loc     0x00001aa6       0x61 ./Libraries/XMCLib/src/xmc_rtc.o
 .debug_loc     0x00001b07      0x2e3 ./Libraries/XMCLib/src/xmc_uart.o
 .debug_loc     0x00001dea      0x64e ./Libraries/XMCLib/src/xmc_usic.o
 .debug_loc     0x00002438     0x2d41 ./Libraries/XMCLib/src/xmc_vadc.o
 .debug_loc     0x00005179       0x8a ./Libraries/Newlib/syscalls.o
 .debug_loc     0x00005203      0x784 ./HostCommunication/src/HostCommUART.o
 .debug_loc     0x00005987      0xce3 ./Dave/Generated/UART/uart.o
 .debug_loc     0x0000666a       0x60 ./Dave/Generated/UART/uart_conf.o
 .debug_loc     0x000066ca      0x88d ./Dave/Generated/TIMER/timer.o
 .debug_loc     0x00006f57      0x64c ./Dave/Generated/RTC/rtc.o
 .debug_loc     0x000075a3       0xf2 ./Dave/Generated/INTERRUPT/interrupt.o
 .debug_loc     0x00007695      0x23a ./Dave/Generated/GLOBAL_SCU_XMC1/global_scu_xmc1.o
 .debug_loc     0x000078cf       0x7f ./Dave/Generated/GLOBAL_CCU4/global_ccu4.o
 .debug_loc     0x0000794e       0xe2 ./Dave/Generated/GLOBAL_ADC/global_adc.o
 .debug_loc     0x00007a30       0x6c ./Dave/Generated/DIGITAL_IO/digital_io.o
 .debug_loc     0x00007a9c       0x82 ./Dave/Generated/CLOCK_XMC1/clock_xmc1.o
 .debug_loc     0x00007b1e       0x2c ./Dave/Generated/CLOCK_XMC1/clock_xmc1_conf.o
 .debug_loc     0x00007b4a      0x365 ./Dave/Generated/ADC_MEASUREMENT/adc_measurement.o
 .debug_loc     0x00007eaf       0xa2 ./Dave/Generated/DAVE.o
 .debug_loc     0x00007f51      0x374 ./main.o

.debug_macinfo
 *(.debug_macinfo)

.debug_ranges   0x00000000     0x1230
 *(.debug_ranges)
 .debug_ranges  0x00000000       0x20 ./Startup/startup_XMC1300.o
 .debug_ranges  0x00000020       0x28 ./Startup/system_XMC1300.o
 .debug_ranges  0x00000048       0x18 ./Libraries/XMCLib/src/xmc1_gpio.o
 .debug_ranges  0x00000060       0x78 ./Libraries/XMCLib/src/xmc1_rtc.o
 .debug_ranges  0x000000d8      0x1b0 ./Libraries/XMCLib/src/xmc1_scu.o
 .debug_ranges  0x00000288      0x110 ./Libraries/XMCLib/src/xmc_ccu4.o
 .debug_ranges  0x00000398       0x18 ./Libraries/XMCLib/src/xmc_gpio.o
 .debug_ranges  0x000003b0       0xe0 ./Libraries/XMCLib/src/xmc_math.o
 .debug_ranges  0x00000490       0x58 ./Libraries/XMCLib/src/xmc_rtc.o
 .debug_ranges  0x000004e8       0x58 ./Libraries/XMCLib/src/xmc_uart.o
 .debug_ranges  0x00000540       0xa8 ./Libraries/XMCLib/src/xmc_usic.o
 .debug_ranges  0x000005e8      0x450 ./Libraries/XMCLib/src/xmc_vadc.o
 .debug_ranges  0x00000a38       0x18 ./Libraries/Newlib/syscalls.o
 .debug_ranges  0x00000a50       0xe8 ./HostCommunication/src/HostCommUART.o
 .debug_ranges  0x00000b38      0x170 ./Dave/Generated/UART/uart.o
 .debug_ranges  0x00000ca8       0x98 ./Dave/Generated/UART/uart_conf.o
 .debug_ranges  0x00000d40      0x138 ./Dave/Generated/TIMER/timer.o
 .debug_ranges  0x00000e78       0xb0 ./Dave/Generated/RTC/rtc.o
 .debug_ranges  0x00000f28       0x30 ./Dave/Generated/INTERRUPT/interrupt.o
 .debug_ranges  0x00000f58       0x70 ./Dave/Generated/GLOBAL_SCU_XMC1/global_scu_xmc1.o
 .debug_ranges  0x00000fc8       0x30 ./Dave/Generated/GLOBAL_CCU4/global_ccu4.o
 .debug_ranges  0x00000ff8       0x40 ./Dave/Generated/GLOBAL_ADC/global_adc.o
 .debug_ranges  0x00001038       0x18 ./Dave/Generated/DIGITAL_IO/digital_io.o
 .debug_ranges  0x00001050       0x10 ./Dave/Generated/CPU_CTRL_XMC1/cpu_ctrl_xmc1_conf.o
 .debug_ranges  0x00001060       0x20 ./Dave/Generated/CLOCK_XMC1/clock_xmc1.o
 .debug_ranges  0x00001080       0x10 ./Dave/Generated/CLOCK_XMC1/clock_xmc1_conf.o
 .debug_ranges  0x00001090      0x128 ./Dave/Generated/ADC_MEASUREMENT/adc_measurement.o
 .debug_ranges  0x000011b8       0x10 ./Dave/Generated/DAVE.o
 .debug_ranges  0x000011c8       0x68 ./main.o

.debug_weaknames
 *(.debug_weaknames)

.debug_funcnames
 *(.debug_funcnames)

.debug_typenames
 *(.debug_typenames)

.debug_varnames
 *(.debug_varnames)

.build_attributes
                0x00000000      0xc49
 *(.ARM.attributes)
 .ARM.attributes
                0x00000000       0x21 ./Startup/startup_XMC1300.o
 .ARM.attributes
                0x00000021       0x31 ./Startup/system_XMC1300.o
 .ARM.attributes
                0x00000052       0x31 ./Libraries/XMCLib/src/xmc1_gpio.o
 .ARM.attributes
                0x00000083       0x31 ./Libraries/XMCLib/src/xmc1_rtc.o
 .ARM.attributes
                0x000000b4       0x31 ./Libraries/XMCLib/src/xmc1_scu.o
 .ARM.attributes
                0x000000e5       0x31 ./Libraries/XMCLib/src/xmc_ccu4.o
 .ARM.attributes
                0x00000116       0x31 ./Libraries/XMCLib/src/xmc_gpio.o
 .ARM.attributes
                0x00000147       0x31 ./Libraries/XMCLib/src/xmc_math.o
 .ARM.attributes
                0x00000178       0x31 ./Libraries/XMCLib/src/xmc_rtc.o
 .ARM.attributes
                0x000001a9       0x31 ./Libraries/XMCLib/src/xmc_uart.o
 .ARM.attributes
                0x000001da       0x31 ./Libraries/XMCLib/src/xmc_usic.o
 .ARM.attributes
                0x0000020b       0x31 ./Libraries/XMCLib/src/xmc_vadc.o
 .ARM.attributes
                0x0000023c       0x31 ./Libraries/Newlib/syscalls.o
 .ARM.attributes
                0x0000026d       0x31 ./HostCommunication/src/HostCommUART.o
 .ARM.attributes
                0x0000029e       0x31 ./Dave/Generated/UART/uart.o
 .ARM.attributes
                0x000002cf       0x31 ./Dave/Generated/UART/uart_conf.o
 .ARM.attributes
                0x00000300       0x31 ./Dave/Generated/TIMER/timer.o
 .ARM.attributes
                0x00000331       0x31 ./Dave/Generated/TIMER/timer_conf.o
 .ARM.attributes
                0x00000362       0x31 ./Dave/Generated/RTC/rtc.o
 .ARM.attributes
                0x00000393       0x31 ./Dave/Generated/RTC/rtc_conf.o
 .ARM.attributes
                0x000003c4       0x31 ./Dave/Generated/INTERRUPT/interrupt.o
 .ARM.attributes
                0x000003f5       0x31 ./Dave/Generated/INTERRUPT/interrupt_conf.o
 .ARM.attributes
                0x00000426       0x31 ./Dave/Generated/GLOBAL_SCU_XMC1/global_scu_xmc1.o
 .ARM.attributes
                0x00000457       0x31 ./Dave/Generated/GLOBAL_SCU_XMC1/global_scu_xmc1_conf.o
 .ARM.attributes
                0x00000488       0x31 ./Dave/Generated/GLOBAL_CCU4/global_ccu4.o
 .ARM.attributes
                0x000004b9       0x31 ./Dave/Generated/GLOBAL_CCU4/global_ccu4_conf.o
 .ARM.attributes
                0x000004ea       0x31 ./Dave/Generated/GLOBAL_ADC/global_adc.o
 .ARM.attributes
                0x0000051b       0x31 ./Dave/Generated/GLOBAL_ADC/global_adc_conf.o
 .ARM.attributes
                0x0000054c       0x31 ./Dave/Generated/DIGITAL_IO/digital_io.o
 .ARM.attributes
                0x0000057d       0x31 ./Dave/Generated/DIGITAL_IO/digital_io_conf.o
 .ARM.attributes
                0x000005ae       0x31 ./Dave/Generated/CPU_CTRL_XMC1/cpu_ctrl_xmc1_conf.o
 .ARM.attributes
                0x000005df       0x31 ./Dave/Generated/CLOCK_XMC1/clock_xmc1.o
 .ARM.attributes
                0x00000610       0x31 ./Dave/Generated/CLOCK_XMC1/clock_xmc1_conf.o
 .ARM.attributes
                0x00000641       0x31 ./Dave/Generated/ADC_MEASUREMENT/adc_measurement.o
 .ARM.attributes
                0x00000672       0x31 ./Dave/Generated/ADC_MEASUREMENT/adc_measurement_conf.o
 .ARM.attributes
                0x000006a3       0x31 ./Dave/Generated/DAVE.o
 .ARM.attributes
                0x000006d4       0x31 ./main.o
 .ARM.attributes
                0x00000705       0x31 C:\Users\±è°æ¹Î\Desktop\IFX_S2GL-HW-SW_V1.1.3\Firmware_Software\DAVE project\S2GL_Doppler\Libraries\S2GL_Lib\bin\libS2GL_Lib.a(s2gl_library.o)
 .ARM.attributes
                0x00000736       0x31 C:\Users\±è°æ¹Î\Desktop\IFX_S2GL-HW-SW_V1.1.3\Firmware_Software\DAVE project\S2GL_Doppler\Libraries\S2GL_Lib\bin\libS2GL_Lib.a(s2gl_calc.o)
 .ARM.attributes
                0x00000767       0x1e c:/infineon/tools/dave ide/4.5.0.202105191637/eclipse/arm-gcc-49/bin/../lib/gcc/arm-none-eabi/4.9.3/armv6-m\libgcc.a(_arm_cmpsf2.o)
 .ARM.attributes
                0x00000785       0x1e c:/infineon/tools/dave ide/4.5.0.202105191637/eclipse/arm-gcc-49/bin/../lib/gcc/arm-none-eabi/4.9.3/armv6-m\libgcc.a(_aeabi_uldivmod.o)
 .ARM.attributes
                0x000007a3       0x2c c:/infineon/tools/dave ide/4.5.0.202105191637/eclipse/arm-gcc-49/bin/../lib/gcc/arm-none-eabi/4.9.3/armv6-m\libgcc.a(_muldi3.o)
 .ARM.attributes
                0x000007cf       0x2c c:/infineon/tools/dave ide/4.5.0.202105191637/eclipse/arm-gcc-49/bin/../lib/gcc/arm-none-eabi/4.9.3/armv6-m\libgcc.a(bpabi.o)
 .ARM.attributes
                0x000007fb       0x2c c:/infineon/tools/dave ide/4.5.0.202105191637/eclipse/arm-gcc-49/bin/../lib/gcc/arm-none-eabi/4.9.3/armv6-m\libgcc.a(divsf3.o)
 .ARM.attributes
                0x00000827       0x2c c:/infineon/tools/dave ide/4.5.0.202105191637/eclipse/arm-gcc-49/bin/../lib/gcc/arm-none-eabi/4.9.3/armv6-m\libgcc.a(eqsf2.o)
 .ARM.attributes
                0x00000853       0x2c c:/infineon/tools/dave ide/4.5.0.202105191637/eclipse/arm-gcc-49/bin/../lib/gcc/arm-none-eabi/4.9.3/armv6-m\libgcc.a(gesf2.o)
 .ARM.attributes
                0x0000087f       0x2c c:/infineon/tools/dave ide/4.5.0.202105191637/eclipse/arm-gcc-49/bin/../lib/gcc/arm-none-eabi/4.9.3/armv6-m\libgcc.a(lesf2.o)
 .ARM.attributes
                0x000008ab       0x2c c:/infineon/tools/dave ide/4.5.0.202105191637/eclipse/arm-gcc-49/bin/../lib/gcc/arm-none-eabi/4.9.3/armv6-m\libgcc.a(mulsf3.o)
 .ARM.attributes
                0x000008d7       0x2c c:/infineon/tools/dave ide/4.5.0.202105191637/eclipse/arm-gcc-49/bin/../lib/gcc/arm-none-eabi/4.9.3/armv6-m\libgcc.a(floatunsisf.o)
 .ARM.attributes
                0x00000903       0x1e c:/infineon/tools/dave ide/4.5.0.202105191637/eclipse/arm-gcc-49/bin/../lib/gcc/arm-none-eabi/4.9.3/armv6-m\libgcc.a(_dvmd_tls.o)
 .ARM.attributes
                0x00000921       0x1e c:/infineon/tools/dave ide/4.5.0.202105191637/eclipse/arm-gcc-49/bin/../lib/gcc/arm-none-eabi/4.9.3/armv6-m\libgcc.a(_clzsi2.o)
 .ARM.attributes
                0x0000093f       0x2c c:/infineon/tools/dave ide/4.5.0.202105191637/eclipse/arm-gcc-49/bin/../lib/gcc/arm-none-eabi/4.9.3/armv6-m\libgcc.a(_divdi3.o)
 .ARM.attributes
                0x0000096b       0x2c c:/infineon/tools/dave ide/4.5.0.202105191637/eclipse/arm-gcc-49/bin/../lib/gcc/arm-none-eabi/4.9.3/armv6-m\libgcc.a(_udivdi3.o)
 .ARM.attributes
                0x00000997       0x1e c:/infineon/tools/dave ide/4.5.0.202105191637/eclipse/arm-gcc-49/bin/../lib/gcc/arm-none-eabi/4.9.3/armv6-m\libgcc.a(_clzdi2.o)
 .ARM.attributes
                0x000009b5       0x2c c:/infineon/tools/dave ide/4.5.0.202105191637/eclipse/arm-gcc-49/bin/../lib/gcc/arm-none-eabi/4.9.3/../../../../arm-none-eabi/lib/armv6-m\libg_nano.a(lib_a-errno.o)
 .ARM.attributes
                0x000009e1       0x2c c:/infineon/tools/dave ide/4.5.0.202105191637/eclipse/arm-gcc-49/bin/../lib/gcc/arm-none-eabi/4.9.3/../../../../arm-none-eabi/lib/armv6-m\libg_nano.a(lib_a-impure.o)
 .ARM.attributes
                0x00000a0d       0x2c c:/infineon/tools/dave ide/4.5.0.202105191637/eclipse/arm-gcc-49/bin/../lib/gcc/arm-none-eabi/4.9.3/../../../../arm-none-eabi/lib/armv6-m\libg_nano.a(lib_a-init.o)
 .ARM.attributes
                0x00000a39       0x2c c:/infineon/tools/dave ide/4.5.0.202105191637/eclipse/arm-gcc-49/bin/../lib/gcc/arm-none-eabi/4.9.3/../../../../arm-none-eabi/lib/armv6-m\libg_nano.a(lib_a-memcpy.o)
 .ARM.attributes
                0x00000a65       0x2c c:/infineon/tools/dave ide/4.5.0.202105191637/eclipse/arm-gcc-49/bin/../lib/gcc/arm-none-eabi/4.9.3/../../../../arm-none-eabi/lib/armv6-m\libg_nano.a(lib_a-sprintf.o)
 .ARM.attributes
                0x00000a91       0x2c c:/infineon/tools/dave ide/4.5.0.202105191637/eclipse/arm-gcc-49/bin/../lib/gcc/arm-none-eabi/4.9.3/../../../../arm-none-eabi/lib/armv6-m\libg_nano.a(lib_a-nano-svfprintf.o)
 .ARM.attributes
                0x00000abd       0x2c c:/infineon/tools/dave ide/4.5.0.202105191637/eclipse/arm-gcc-49/bin/../lib/gcc/arm-none-eabi/4.9.3/../../../../arm-none-eabi/lib/armv6-m\libg_nano.a(lib_a-nano-vfprintf_i.o)
 .ARM.attributes
                0x00000ae9       0x2c c:/infineon/tools/dave ide/4.5.0.202105191637/eclipse/arm-gcc-49/bin/../lib/gcc/arm-none-eabi/4.9.3/../../../../arm-none-eabi/lib/armv6-m\libg_nano.a(lib_a-memchr.o)
 .ARM.attributes
                0x00000b15       0x2c c:/infineon/tools/dave ide/4.5.0.202105191637/eclipse/arm-gcc-49/bin/../lib/gcc/arm-none-eabi/4.9.3/../../../../arm-none-eabi/lib/armv6-m\libg_nano.a(lib_a-memmove.o)
 .ARM.attributes
                0x00000b41       0x2c c:/infineon/tools/dave ide/4.5.0.202105191637/eclipse/arm-gcc-49/bin/../lib/gcc/arm-none-eabi/4.9.3/../../../../arm-none-eabi/lib/armv6-m\libg_nano.a(lib_a-nano-freer.o)
 .ARM.attributes
                0x00000b6d       0x2c c:/infineon/tools/dave ide/4.5.0.202105191637/eclipse/arm-gcc-49/bin/../lib/gcc/arm-none-eabi/4.9.3/../../../../arm-none-eabi/lib/armv6-m\libg_nano.a(lib_a-nano-mallocr.o)
 .ARM.attributes
                0x00000b99       0x2c c:/infineon/tools/dave ide/4.5.0.202105191637/eclipse/arm-gcc-49/bin/../lib/gcc/arm-none-eabi/4.9.3/../../../../arm-none-eabi/lib/armv6-m\libg_nano.a(lib_a-nano-reallocr.o)
 .ARM.attributes
                0x00000bc5       0x2c c:/infineon/tools/dave ide/4.5.0.202105191637/eclipse/arm-gcc-49/bin/../lib/gcc/arm-none-eabi/4.9.3/../../../../arm-none-eabi/lib/armv6-m\libg_nano.a(lib_a-sbrkr.o)
 .ARM.attributes
                0x00000bf1       0x2c c:/infineon/tools/dave ide/4.5.0.202105191637/eclipse/arm-gcc-49/bin/../lib/gcc/arm-none-eabi/4.9.3/../../../../arm-none-eabi/lib/armv6-m\libg_nano.a(lib_a-nano-msizer.o)
 .ARM.attributes